C51 COMPILER V9.51   PGA_2                                                                 05/22/2017 14:28:02 PAGE 1   


C51 COMPILER V9.51, COMPILATION OF MODULE PGA_2
OBJECT MODULE PLACED IN .\DP8051\DP8051_Keil_951\Debug\PGA_2.obj
COMPILER INVOKED BY: C:\Program Files (x86)\Cypress\PSoC Creator\4.0\PSoC Creator\import\keil\pk51\9.51\C51\BIN\c51.exe 
                    -Generated_Source\PSoC3\PGA_2.c NOIV LARGE MODDP2 OMF2 VB(1) NOIP INCDIR(.,Generated_Source\PSoC3) FF(3) DB WL(2) PR(.\DP
                    -8051\DP8051_Keil_951\Debug/PGA_2.lst) OT(5) OJ(.\DP8051\DP8051_Keil_951\Debug\PGA_2.obj)

line level    source

   1          /*******************************************************************************
   2          * File Name: PGA_2.c  
   3          * Version 2.0
   4          *
   5          * Description:
   6          *  This file provides the source code to the API for the PGA 
   7          *  User Module.
   8          *
   9          * Note:
  10          *
  11          ********************************************************************************
  12          * Copyright 2008-2012, Cypress Semiconductor Corporation.  All rights reserved.
  13          * You may use this file only in accordance with the license, terms, conditions, 
  14          * disclaimers, and limitations in the end user license agreement accompanying 
  15          * the software package with which this file was provided.
  16          *******************************************************************************/
  17          
  18          #include "PGA_2.h"
  19          
  20          #if (!CY_PSOC5A)
  21              #if (CYDEV_VARIABLE_VDDA == 1u)
                      #include "CyScBoostClk.h"
                  #endif /* (CYDEV_VARIABLE_VDDA == 1u) */
  24          #endif /* (!CY_PSOC5A) */
  25          
  26          #if (CY_PSOC5A)
                  static PGA_2_BACKUP_STRUCT  PGA_2_P5backup;
              #endif /* (CY_ PSOC5A) */
  29          
  30          uint8 PGA_2_initVar = 0u;
  31          
  32          
  33          /*******************************************************************************   
  34          * Function Name: PGA_2_Init
  35          ********************************************************************************
  36          *
  37          * Summary:
  38          *  Initialize component's parameters to the parameters set by user in the 
  39          *  customizer of the component placed onto schematic. Usually called in 
  40          *  PGA_2_Start().
  41          *
  42          * Parameters:
  43          *  void
  44          *
  45          * Return:
  46          *  void
  47          *
  48          *******************************************************************************/
  49          void PGA_2_Init(void) 
  50          {
  51   1          /* Set PGA mode */
  52   1          PGA_2_CR0_REG = PGA_2_MODE_PGA;      
  53   1          /* Set non-inverting PGA mode and reference mode */
C51 COMPILER V9.51   PGA_2                                                                 05/22/2017 14:28:02 PAGE 2   

  54   1          PGA_2_CR1_REG |= PGA_2_PGA_NINV;  
  55   1          /* Set default gain and ref mode */
  56   1          PGA_2_CR2_REG = PGA_2_VREF_MODE;
  57   1          /* Set gain and compensation */
  58   1          PGA_2_SetGain(PGA_2_DEFAULT_GAIN);
  59   1          /* Set power */
  60   1          PGA_2_SetPower(PGA_2_DEFAULT_POWER);
  61   1      }
  62          
  63          
  64          /*******************************************************************************   
  65          * Function Name: PGA_2_Enable
  66          ********************************************************************************
  67          *
  68          * Summary:
  69          *  Enables the PGA block operation.
  70          *
  71          * Parameters:
  72          *  void
  73          *
  74          * Return:
  75          *  void
  76          *
  77          *******************************************************************************/
  78          void PGA_2_Enable(void) 
  79          {
  80   1          /* This is to restore the value of register CR1 and CR2 which is saved 
  81   1            in prior to the modifications in stop() API */
  82   1          #if (CY_PSOC5A)
                      if(PGA_2_P5backup.enableState == 1u)
                      {
                          PGA_2_CR1_REG = PGA_2_P5backup.scCR1Reg;
                          PGA_2_CR2_REG = PGA_2_P5backup.scCR2Reg;
                          PGA_2_P5backup.enableState = 0u;
                      }
                  #endif /* CY_PSOC5A */   
  90   1      
  91   1          /* Enable power to the Amp in Active mode*/
  92   1          PGA_2_PM_ACT_CFG_REG |= PGA_2_ACT_PWR_EN;
  93   1      
  94   1          /* Enable power to the Amp in Alternative Active mode*/
  95   1          PGA_2_PM_STBY_CFG_REG |= PGA_2_STBY_PWR_EN;
  96   1          
  97   1          PGA_2_PUMP_CR1_REG |= PGA_2_PUMP_CR1_SC_CLKSEL;
  98   1          
  99   1          #if (!CY_PSOC5A)
 100   1              #if (CYDEV_VARIABLE_VDDA == 1u)
                          if(CyScPumpEnabled == 1u)
                          {
                              PGA_2_BSTCLK_REG &= (uint8)(~PGA_2_BST_CLK_INDEX_MASK);
                              PGA_2_BSTCLK_REG |= PGA_2_BST_CLK_EN | CyScBoostClk__INDEX;
                              PGA_2_SC_MISC_REG |= PGA_2_PUMP_FORCE;
                              CyScBoostClk_Start();
                          }
                          else
                          {
                              PGA_2_BSTCLK_REG &= (uint8)(~PGA_2_BST_CLK_EN);
                              PGA_2_SC_MISC_REG &= (uint8)(~PGA_2_PUMP_FORCE);
                          }
                      #endif /* (CYDEV_VARIABLE_VDDA == 1u) */
 114   1          #endif /* (!CY_PSOC5A) */
 115   1      }
C51 COMPILER V9.51   PGA_2                                                                 05/22/2017 14:28:02 PAGE 3   

 116          
 117          
 118          /*******************************************************************************
 119          * Function Name: PGA_2_Start
 120          ********************************************************************************
 121          *
 122          * Summary:
 123          *  The start function initializes the PGA with the default values and sets
 124          *  the power to the given level. A power level of 0, is same as executing
 125          *  the stop function.
 126          *
 127          * Parameters:
 128          *  void
 129          *
 130          * Return:
 131          *  void
 132          *
 133          *******************************************************************************/
 134          void PGA_2_Start(void) 
 135          {
 136   1      
 137   1          /* This is to restore the value of register CR1 and CR2 which is saved 
 138   1            in prior to the modification in stop() API */
 139   1      
 140   1          if(PGA_2_initVar == 0u)
 141   1          {
 142   2              PGA_2_Init();
 143   2              PGA_2_initVar = 1u;
 144   2          }
 145   1      
 146   1          PGA_2_Enable();
 147   1      }
 148          
 149          
 150          /*******************************************************************************
 151          * Function Name: PGA_2_Stop
 152          ********************************************************************************
 153          *
 154          * Summary:
 155          *  Powers down amplifier to lowest power state.
 156          *
 157          * Parameters:
 158          *  void
 159          *
 160          * Return:
 161          *  void
 162          *
 163          *******************************************************************************/
 164          void PGA_2_Stop(void) 
 165          { 
 166   1          /* Disble power to the Amp in Active mode template */
 167   1          PGA_2_PM_ACT_CFG_REG &= (uint8)(~PGA_2_ACT_PWR_EN);
 168   1      
 169   1          /* Disble power to the Amp in Alternative Active mode template */
 170   1          PGA_2_PM_STBY_CFG_REG &= (uint8)(~PGA_2_STBY_PWR_EN);
 171   1      
 172   1          #if (!CY_PSOC5A)
 173   1              #if (CYDEV_VARIABLE_VDDA == 1u)
                          PGA_2_BSTCLK_REG &= (uint8)(~PGA_2_BST_CLK_EN);
                          /* Disable pumps only if there aren't any SC block in use */
                          if ((PGA_2_PM_ACT_CFG_REG & PGA_2_PM_ACT_CFG_MASK) == 0u)
                          {
C51 COMPILER V9.51   PGA_2                                                                 05/22/2017 14:28:02 PAGE 4   

                              PGA_2_SC_MISC_REG &= (uint8)(~PGA_2_PUMP_FORCE);
                              PGA_2_PUMP_CR1_REG &= (uint8)(~PGA_2_PUMP_CR1_SC_CLKSEL);
                              CyScBoostClk_Stop();
                          }
                      #endif /* CYDEV_VARIABLE_VDDA == 1u */
 183   1          #endif /* (CY_PSOC3 || CY_PSOC5LP) */
 184   1      
 185   1          /* This sets PGA in zero current mode and output routes are valid */
 186   1          #if (CY_PSOC5A)
                      PGA_2_P5backup.scCR1Reg = PGA_2_CR1_REG;
                      PGA_2_P5backup.scCR2Reg = PGA_2_CR2_REG;
                      PGA_2_CR1_REG = 0x00u;
                      PGA_2_CR2_REG = 0x00u;
                      PGA_2_P5backup.enableState = 1u;
                  #endif /* CY_PSOC5A */
 193   1      }
 194          
 195          
 196          /*******************************************************************************
 197          * Function Name: PGA_2_SetPower
 198          ********************************************************************************
 199          *
 200          * Summary:
 201          *  Set the power of the PGA.
 202          *
 203          * Parameters:
 204          *  power: Sets power level between (0) and (3) high power
 205          *
 206          * Return:
 207          *  void
 208          *
 209          *******************************************************************************/
 210          void PGA_2_SetPower(uint8 power) 
 211          {
 212   1          uint8 tmpCR;
 213   1      
 214   1          tmpCR = PGA_2_CR1_REG & (uint8)(~PGA_2_DRIVE_MASK);
 215   1          tmpCR |= (power & PGA_2_DRIVE_MASK);
 216   1          PGA_2_CR1_REG = tmpCR;  
 217   1      }
 218          
 219          
 220          /*******************************************************************************
 221          * Function Name: PGA_2_SetGain
 222          ********************************************************************************
 223          *
 224          * Summary:
 225          *  This function sets values of the input and feedback resistors to set a 
 226          *  specific gain of the amplifier.
 227          *
 228          * Parameters:
 229          *  gain: Gain value of PGA (See header file for gain values.)
 230          *
 231          * Return:
 232          *  void 
 233          *
 234          *******************************************************************************/
 235          void PGA_2_SetGain(uint8 gain) 
 236          {
 237   1          /* Constant array for gain settings */
 238   1          const uint8 PGA_2_GainArray[9] = { 
 239   1              (PGA_2_RVAL_0K   | PGA_2_R20_40B_40K | PGA_2_BIAS_LOW), /* G=1  */
C51 COMPILER V9.51   PGA_2                                                                 05/22/2017 14:28:02 PAGE 5   

 240   1              (PGA_2_RVAL_40K  | PGA_2_R20_40B_40K | PGA_2_BIAS_LOW), /* G=2  */
 241   1              (PGA_2_RVAL_120K | PGA_2_R20_40B_40K | PGA_2_BIAS_LOW), /* G=4  */
 242   1              (PGA_2_RVAL_280K | PGA_2_R20_40B_40K | PGA_2_BIAS_LOW), /* G=8  */
 243   1              (PGA_2_RVAL_600K | PGA_2_R20_40B_40K | PGA_2_BIAS_LOW), /* G=16 */
 244   1              (PGA_2_RVAL_460K | PGA_2_R20_40B_40K | PGA_2_BIAS_LOW), /* G=24, Sets Rin as 20k */
 245   1              (PGA_2_RVAL_620K | PGA_2_R20_40B_20K | PGA_2_BIAS_LOW), /* G=32 */
 246   1              (PGA_2_RVAL_470K | PGA_2_R20_40B_20K | PGA_2_BIAS_LOW), /* G=48, Sets Rin as 10k */
 247   1              (PGA_2_RVAL_490K | PGA_2_R20_40B_20K | PGA_2_BIAS_LOW)  /* G=50, Sets Rin as 10k */
 248   1          };
 249   1          
 250   1          /* Constant array for gain compenstion settings */
 251   1          const uint8 PGA_2_GainComp[9] = { 
 252   1              ( PGA_2_COMP_4P35PF  | (uint8)( PGA_2_REDC_00 >> 2 )), /* G=1  */
 253   1              ( PGA_2_COMP_4P35PF  | (uint8)( PGA_2_REDC_01 >> 2 )), /* G=2  */
 254   1              ( PGA_2_COMP_3P0PF   | (uint8)( PGA_2_REDC_01 >> 2 )), /* G=4  */
 255   1              ( PGA_2_COMP_3P0PF   | (uint8)( PGA_2_REDC_01 >> 2 )), /* G=8  */
 256   1              ( PGA_2_COMP_3P6PF   | (uint8)( PGA_2_REDC_01 >> 2 )), /* G=16 */
 257   1              ( PGA_2_COMP_3P6PF   | (uint8)( PGA_2_REDC_11 >> 2 )), /* G=24 */
 258   1              ( PGA_2_COMP_3P6PF   | (uint8)( PGA_2_REDC_11 >> 2 )), /* G=32 */
 259   1              ( PGA_2_COMP_3P6PF   | (uint8)( PGA_2_REDC_00 >> 2 )), /* G=48 */
 260   1              ( PGA_2_COMP_3P6PF   | (uint8)( PGA_2_REDC_00 >> 2 ))  /* G=50 */
 261   1          };
 262   1          
 263   1          /* Only set new gain if it is a valid gain */
 264   1          if( gain <= PGA_2_GAIN_MAX)
 265   1          {
 266   2              /* Clear resistors, redc, and bias */
 267   2              PGA_2_CR2_REG &= (uint8)(~(PGA_2_RVAL_MASK | PGA_2_R20_40B_MASK | 
 268   2                                      PGA_2_REDC_MASK | PGA_2_BIAS_MASK ));
 269   2      
 270   2              /* Set gain value resistors, redc comp, and bias */
 271   2              PGA_2_CR2_REG |= (PGA_2_GainArray[gain] |
 272   2                                      ((uint8)(PGA_2_GainComp[gain] << 2 ) & PGA_2_REDC_MASK));
 273   2      
 274   2              /* Clear sc_comp  */
 275   2              PGA_2_CR1_REG &= (uint8)(~PGA_2_COMP_MASK);
 276   2              /* Set sc_comp  */
 277   2              PGA_2_CR1_REG |= ( PGA_2_GainComp[gain] | PGA_2_COMP_MASK );
 278   2          }
 279   1      }
 280          
 281          
 282          /* [] END OF FILE */


MODULE INFORMATION:   STATIC OVERLAYABLE
   CODE SIZE        =    221    ----
   CONSTANT SIZE    =     18    ----
   XDATA SIZE       =      1      19
   PDATA SIZE       =   ----    ----
   DATA SIZE        =   ----    ----
   IDATA SIZE       =   ----    ----
   BIT SIZE         =   ----    ----
   EDATA SIZE       =   ----    ----
   HDATA SIZE       =   ----    ----
   XDATA CONST SIZE =   ----    ----
   FAR CONST SIZE   =   ----    ----
END OF MODULE INFORMATION.


C51 COMPILATION COMPLETE.  0 WARNING(S),  0 ERROR(S)
