################################################################################
#                                                                              #
#      IAR Universal Linker V5.3.2.26                                          #
#                                                                              #
#           Link time     =  27/Jan/2017  15:19:55                             #
#           Target CPU    =  A90                                               #
#           List file     =  Z:\Dropbox\Projects\Ventmatika\Stepper\software\I #
#                            AR\ATMEGA328\List\Stepper_Control.map             #
#           Output file 1 =  Z:\Dropbox\Projects\Ventmatika\Stepper\software\I #
#                            AR\ATMEGA328\Exe\Stepper_Control.flash.hex        #
#                            Format: intel-standard, variant: -y(CODE)         #
#           Output file 2 =  Z:\Dropbox\Projects\Ventmatika\Stepper\software\I #
#                            AR\ATMEGA328\Exe\Stepper_Control.eeprom.hex       #
#                            Format: intel-standard, variant: -y(XDATA)        #
#           Output file 3 =  Z:\Dropbox\Projects\Ventmatika\Stepper\software\I #
#                            AR\ATMEGA328\Exe\Stepper_Control.d90              #
#                            Format: debug                                     #
#                            UBROF version 10.0.6                              #
#                            Using library modules for C-SPY (-rt)             #
#           Command line  =  -Ointel-standard,(CODE)=.flash.hex                #
#                            -Ointel-standard,(XDATA)=.eeprom.hex              #
#                            Z:\Dropbox\Projects\Ventmatika\Stepper\software\I #
#                            AR\ATMEGA328\Obj\eeprom.r90                       #
#                            Z:\Dropbox\Projects\Ventmatika\Stepper\software\I #
#                            AR\ATMEGA328\Obj\func.r90                         #
#                            Z:\Dropbox\Projects\Ventmatika\Stepper\software\I #
#                            AR\ATMEGA328\Obj\interrupts.r90                   #
#                            Z:\Dropbox\Projects\Ventmatika\Stepper\software\I #
#                            AR\ATMEGA328\Obj\main.r90                         #
#                            Z:\Dropbox\Projects\Ventmatika\Stepper\software\I #
#                            AR\ATMEGA328\Obj\mb.r90                           #
#                            Z:\Dropbox\Projects\Ventmatika\Stepper\software\I #
#                            AR\ATMEGA328\Obj\mbcrc.r90                        #
#                            Z:\Dropbox\Projects\Ventmatika\Stepper\software\I #
#                            AR\ATMEGA328\Obj\mbfunccoils.r90                  #
#                            Z:\Dropbox\Projects\Ventmatika\Stepper\software\I #
#                            AR\ATMEGA328\Obj\mbfuncdiag.r90                   #
#                            Z:\Dropbox\Projects\Ventmatika\Stepper\software\I #
#                            AR\ATMEGA328\Obj\mbfuncdisc.r90                   #
#                            Z:\Dropbox\Projects\Ventmatika\Stepper\software\I #
#                            AR\ATMEGA328\Obj\mbfuncholding.r90                #
#                            Z:\Dropbox\Projects\Ventmatika\Stepper\software\I #
#                            AR\ATMEGA328\Obj\mbfuncinput.r90                  #
#                            Z:\Dropbox\Projects\Ventmatika\Stepper\software\I #
#                            AR\ATMEGA328\Obj\mbfuncother.r90                  #
#                            Z:\Dropbox\Projects\Ventmatika\Stepper\software\I #
#                            AR\ATMEGA328\Obj\mbrtu.r90                        #
#                            Z:\Dropbox\Projects\Ventmatika\Stepper\software\I #
#                            AR\ATMEGA328\Obj\mbutils.r90                      #
#                            Z:\Dropbox\Projects\Ventmatika\Stepper\software\I #
#                            AR\ATMEGA328\Obj\portevent.r90                    #
#                            Z:\Dropbox\Projects\Ventmatika\Stepper\software\I #
#                            AR\ATMEGA328\Obj\portserial.r90                   #
#                            Z:\Dropbox\Projects\Ventmatika\Stepper\software\I #
#                            AR\ATMEGA328\Obj\porttimer.r90                    #
#                            Z:\Dropbox\Projects\Ventmatika\Stepper\software\I #
#                            AR\ATMEGA328\Obj\stepper.r90                      #
#                            Z:\Dropbox\Projects\Ventmatika\Stepper\software\I #
#                            AR\ATMEGA328\Obj\systick.r90                      #
#                            Z:\Dropbox\Projects\Ventmatika\Stepper\software\I #
#                            AR\ATMEGA328\Obj\temp_conv.r90                    #
#                            Z:\Dropbox\Projects\Ventmatika\Stepper\software\I #
#                            AR\ATMEGA328\Obj\user_mb_app.r90                  #
#                            -o                                                #
#                            Z:\Dropbox\Projects\Ventmatika\Stepper\software\I #
#                            AR\ATMEGA328\Exe\Stepper_Control.d90              #
#                            -l                                                #
#                            Z:\Dropbox\Projects\Ventmatika\Stepper\software\I #
#                            AR\ATMEGA328\List\Stepper_Control.map             #
#                            -xmsn                                             #
#                            "-IC:\Program Files\IAR Systems\Embedded Workbenc #
#                            h 6.0\avr\LIB\"                                   #
#                            -f                                                #
#                            "C:\Program Files\IAR Systems\Embedded Workbench  #
#                            6.0\avr\config\lnkm328ps.xcl"                     #
#                            (-D_..X_INTVEC_SIZE=68 -D_..X_FLASH_TEND=FF       #
#                            -D_..X_FLASH_NEND=7FFF -D_..X_FLASH_END=7FFF      #
#                            -D_..X_SRAM_BASE=100 -D_..X_SRAM_TEND=100         #
#                            -D_..X_SRAM_END=8FF -D_..X_EEPROM_END=3FF         #
#                            -D_..X_CSTACK_SIZE=100 -D_..X_RSTACK_SIZE=40      #
#                            -D_..X_HEAP_SIZE=80 -D_..X_NEAR_HEAP_SIZE=80      #
#                            -ca90 -Z(CODE)INTVEC=0-(_..X_INTVEC_SIZE-1)       #
#                            -H1895 -h(CODE)0-_..X_INTVEC_SIZE                 #
#                            -Z(CODE)TINY_F=_..X_INTVEC_SIZE-_..X_FLASH_TEND   #
#                            -Z(CODE)NEAR_F,SWITCH,INITTAB,DIFUNCT=_..X_INTVEC #
#                            _SIZE-_..X_FLASH_END                              #
#                            -Z(CODE)CODE=_..X_INTVEC_SIZE-_..X_FLASH_END      #
#                            -Z(CODE)TINY_ID,NEAR_ID=_..X_INTVEC_SIZE-_..X_FLA #
#                            SH_END                                            #
#                            -Z(CODE)CHECKSUM#_..X_FLASH_END                   #
#                            -Z(DATA)TINY_I,TINY_Z,TINY_N=_..X_SRAM_BASE-_..X_ #
#                            SRAM_TEND                                         #
#                            -Z(DATA)NEAR_I,NEAR_Z,NEAR_N=_..X_SRAM_BASE-_..X_ #
#                            SRAM_END                                          #
#                            -Z(DATA)RSTACK+_..X_RSTACK_SIZE=_..X_SRAM_BASE-_. #
#                            .X_SRAM_END                                       #
#                            -Z(DATA)CSTACK+_..X_CSTACK_SIZE=_..X_SRAM_BASE-_. #
#                            .X_SRAM_END                                       #
#                            -Z(DATA)HEAP+_..X_HEAP_SIZE=_..X_SRAM_BASE-_..X_S #
#                            RAM_END                                           #
#                            -Z(DATA)IOSTREAM_N#_..X_SRAM_BASE-_..X_SRAM_END   #
#                            -Z(DATA)NEAR_HEAP+_..X_NEAR_HEAP_SIZE=_..X_SRAM_B #
#                            ASE-_..X_SRAM_END                                 #
#                            -Z(XDATA)EEPROM_I,EEPROM_N=0-_..X_EEPROM_END      #
#                            -w29) -rt -s __program_start                      #
#                            "C:\Program Files\IAR Systems\Embedded Workbench  #
#                            6.0\avr\LIB\CLIB\cl3s-ec_mul-sf.r90"              #
#                                                                              #
#                           Copyright (C) 1987-2012 IAR Systems AB.            #
################################################################################





                ****************************************
                *                                      *
                *           CROSS REFERENCE            *
                *                                      *
                ****************************************

       Program entry at : CODE      00000000  Relocatable, from module : ?RESET




                ****************************************
                *                                      *
                *            RUNTIME MODEL             *
                *                                      *
                ****************************************

  R10             = REG
  R4              = REG
  R5              = REG
  R6              = REG
  R7              = REG
  R8              = REG
  __64bit_doubles = disabled
  __SystemLibrary = CLib
  __cpu           = 3
  __cpu_name      = ATmega328P
  __enhanced_core = enabled
  __has_elpm      = false
  __memory_model  = 2
  __rt_version    = 3
  __tiny_avr      = false

                ****************************************
                *                                      *
                *    AUTOMATIC SYMBOL REDIRECTIONS     *
                *                                      *
                ****************************************

                  There are no automatic symbol redirections.



                ****************************************
                *                                      *
                *              MODULE MAP              *
                *                                      *
                ****************************************


  DEFINED ABSOLUTE ENTRIES
  PROGRAM MODULE, NAME : ?ABS_ENTRY_MOD

Absolute parts
           ENTRY                   ADDRESS         REF BY
           =====                   =======         ======
           _..X_NEAR_HEAP_SIZE     00000080 
           _..X_HEAP_SIZE          00000080 
           _..X_RSTACK_SIZE        00000040 
           _..X_CSTACK_SIZE        00000100 
           _..X_EEPROM_END         000003FF 
           _..X_SRAM_END           000008FF 
           _..X_SRAM_TEND          00000100 
           _..X_SRAM_BASE          00000100 
           _..X_FLASH_END          00007FFF 
           _..X_FLASH_NEND         00007FFF 
           _..X_FLASH_TEND         000000FF 
           _..X_INTVEC_SIZE        00000068 
    *************************************************************************

  FILE NAME : Z:\Dropbox\Projects\Ventmatika\Stepper\software\IAR\ATMEGA328\Obj\eeprom.r90
  PROGRAM MODULE, NAME : eeprom

  SEGMENTS IN THE MODULE
  ======================
ABSOLUTE
  Relative segment, address: DATA 0000005F - 0000005F (0x1 bytes), align: 0
  Segment part 1. ROOT.       Intra module refs:   SecureEeGet
                                                   SecureEePut
           ENTRY                   ADDRESS         REF BY
           =====                   =======         ======
           _A_SREG                 0000005F 
           LOCAL                   ADDRESS         
           =====                   =======         
           SREG                    0000005F 
    -------------------------------------------------------------------------
ABSOLUTE
  Relative segment, address: DATA 00000057 - 00000057 (0x1 bytes), align: 0
  Segment part 2. ROOT.       Intra module refs:   SecureEePut
           ENTRY                   ADDRESS         REF BY
           =====                   =======         ======
           _A_SPMCSR               00000057 
           LOCAL                   ADDRESS         
           =====                   =======         
           SPMCSR                  00000057 
    -------------------------------------------------------------------------
ABSOLUTE
  Relative segment, address: DATA 00000041 - 00000042 (0x2 bytes), align: 0
  Segment part 3. ROOT.       Intra module refs:   EEPROM_GetChar
                                                   EEPROM_PutChar
                                                   SecureEeGet
                                                   SecureEePut
           ENTRY                   ADDRESS         REF BY
           =====                   =======         ======
           _A_EEAR                 00000041 
           LOCAL                   ADDRESS         
           =====                   =======         
           EEAR                    00000041 
           EEARH                   00000042 
           EEARL                   00000041 
    -------------------------------------------------------------------------
ABSOLUTE
  Relative segment, address: DATA 00000040 - 00000040 (0x1 bytes), align: 0
  Segment part 4. ROOT.       Intra module refs:   EEPROM_GetChar
                                                   EEPROM_PutChar
                                                   SecureEeGet
                                                   SecureEePut
           ENTRY                   ADDRESS         REF BY
           =====                   =======         ======
           _A_EEDR                 00000040 
           LOCAL                   ADDRESS         
           =====                   =======         
           EEDR                    00000040 
    -------------------------------------------------------------------------
ABSOLUTE
  Relative segment, address: DATA 0000003F - 0000003F (0x1 bytes), align: 0
  Segment part 5. ROOT.       Intra module refs:   EEPROM_GetChar
                                                   EEPROM_PutChar
                                                   SecureEeGet
                                                   SecureEePut
           ENTRY                   ADDRESS         REF BY
           =====                   =======         ======
           _A_EECR                 0000003F 
           LOCAL                   ADDRESS         
           =====                   =======         
           EECR                    0000003F 
    -------------------------------------------------------------------------
NEAR_Z
  Relative segment, address: DATA 00000185 - 00000185 (0x1 bytes), align: 0
  Segment part 12.            Intra module refs:   ?Subroutine8
                                                   SecureEePut
                                                   Segment part 37
           ENTRY                   ADDRESS         REF BY
           =====                   =======         ======
           EeResult                00000185 
    -------------------------------------------------------------------------
CODE
  Relative segment, address: CODE 0000037A - 00000387 (0xe bytes), align: 1
  Segment part 14.
           ENTRY                   ADDRESS         REF BY
           =====                   =======         ======
           EEPROM_GetChar          0000037A        Segment part 41 (stepper)
                                                   Segment part 54 (main)
               RSTACK = 00000000 ( 00000002 )
    -------------------------------------------------------------------------
CODE
  Relative segment, address: CODE 00000388 - 00000393 (0xc bytes), align: 1
  Segment part 15.            Intra module refs:   EEPROM_GetChar
                                                   EEPROM_PutChar
           LOCAL                   ADDRESS         
           =====                   =======         
           ?Subroutine2            00000388 
    -------------------------------------------------------------------------
CODE
  Relative segment, address: CODE 00000394 - 000003CD (0x3a bytes), align: 1
  Segment part 16.
           ENTRY                   ADDRESS         REF BY
           =====                   =======         ======
           EEPROM_PutChar          00000394        ?Subroutine25 (main)
                                                   HandleModbusCommands (main)
               RSTACK = 00000000 ( 00000002 )
    -------------------------------------------------------------------------
CODE
  Relative segment, address: CODE 000003CE - 000003D5 (0x8 bytes), align: 1
  Segment part 17.            Intra module refs:   EEPROM_PutChar
                                                   SecureEePut
           LOCAL                   ADDRESS         
           =====                   =======         
           ?Subroutine8            000003CE 
    -------------------------------------------------------------------------
CODE
  Relative segment, address: CODE 000003D6 - 000003E9 (0x14 bytes), align: 1
  Segment part 18.
           ENTRY                   ADDRESS         REF BY
           =====                   =======         ======
           EEPROM_GetWord          000003D6        ?Subroutine1 (stepper)
                                                   ?Subroutine14 (main)
                                                   ?Subroutine6 (stepper)
               calls direct
               CSTACK = 00000000 ( 00000004 )
               RSTACK = 00000000 ( 00000002 )
    -------------------------------------------------------------------------
CODE
  Relative segment, address: CODE 000003EA - 000003EF (0x6 bytes), align: 1
  Segment part 19.            Intra module refs:   EEPROM_GetWord
                                                   EEPROM_PutWord
           LOCAL                   ADDRESS         
           =====                   =======         
           ?Subroutine10           000003EA 
    -------------------------------------------------------------------------
CODE
  Relative segment, address: CODE 000003F0 - 00000403 (0x14 bytes), align: 1
  Segment part 20.
           ENTRY                   ADDRESS         REF BY
           =====                   =======         ======
           EEPROM_PutWord          000003F0        ?Subroutine22 (main)
               calls direct
               CSTACK = 00000000 ( 00000004 )
               RSTACK = 00000000 ( 00000002 )
    -------------------------------------------------------------------------
CODE
  Relative segment, address: CODE 00000404 - 00000423 (0x20 bytes), align: 1
  Segment part 21.
           ENTRY                   ADDRESS         REF BY
           =====                   =======         ======
           EEPROM_GetDWord         00000404        ?Subroutine4 (main)
               calls direct
               CSTACK = 00000000 ( 00000006 )
               RSTACK = 00000000 ( 00000002 )
    -------------------------------------------------------------------------
CODE
  Relative segment, address: CODE 00000424 - 00000429 (0x6 bytes), align: 1
  Segment part 22.            Intra module refs:   EEPROM_GetDWord
                                                   EEPROM_PutDWord
           LOCAL                   ADDRESS         
           =====                   =======         
           ?Subroutine11           00000424 
    -------------------------------------------------------------------------
CODE
  Relative segment, address: CODE 0000042A - 0000042B (0x2 bytes), align: 1
  Segment part 23.            Intra module refs:   EEPROM_GetDWord
                                                   EEPROM_GetWord
           LOCAL                   ADDRESS         
           =====                   =======         
           ?Subroutine4            0000042A 
    -------------------------------------------------------------------------
CODE
  Relative segment, address: CODE 0000042C - 00000437 (0xc bytes), align: 1
  Segment part 24.            Intra module refs:   EEPROM_GetDWord
           LOCAL                   ADDRESS         
           =====                   =======         
           ?Subroutine0            0000042C 
    -------------------------------------------------------------------------
CODE
  Relative segment, address: CODE 00000438 - 00000459 (0x22 bytes), align: 1
  Segment part 25.
           ENTRY                   ADDRESS         REF BY
           =====                   =======         ======
           EEPROM_PutDWord         00000438        ?Subroutine5 (main)
               calls direct
               CSTACK = 00000000 ( 00000006 )
               RSTACK = 00000000 ( 00000002 )
    -------------------------------------------------------------------------
CODE
  Relative segment, address: CODE 0000045A - 0000045B (0x2 bytes), align: 1
  Segment part 26.            Intra module refs:   EEPROM_PutDWord
                                                   EEPROM_PutWord
           LOCAL                   ADDRESS         
           =====                   =======         
           ?Subroutine5            0000045A 
    -------------------------------------------------------------------------
CODE
  Relative segment, address: CODE 0000045C - 00000461 (0x6 bytes), align: 1
  Segment part 27.            Intra module refs:   EEPROM_GetDWord
                                                   EEPROM_PutDWord
           LOCAL                   ADDRESS         
           =====                   =======         
           ?Subroutine3            0000045C 
    -------------------------------------------------------------------------
CODE
  Relative segment, address: CODE 00000462 - 00000463 (0x2 bytes), align: 1
  Segment part 28.            Intra module refs:   EEPROM_PutDWord
           LOCAL                   ADDRESS         
           =====                   =======         
           ?Subroutine1            00000462 
    -------------------------------------------------------------------------
CODE
  Relative segment, address: CODE 00000464 - 0000046D (0xa bytes), align: 1
  Segment part 29.            Intra module refs:   ?Subroutine1
                                                   ?Subroutine3
           LOCAL                   ADDRESS         
           =====                   =======         
           ?Subroutine7            00000464 
    -------------------------------------------------------------------------
CODE
  Relative segment, address: CODE 0000046E - 00000497 (0x2a bytes), align: 1
  Segment part 33.            Intra module refs:   ?Subroutine1
                                                   ?Subroutine5
           LOCAL                   ADDRESS         
           =====                   =======         
           SecureEePut             0000046E 
               RSTACK = 00000000 ( 00000002 )
    -------------------------------------------------------------------------
CODE
  Relative segment, address: CODE 00000498 - 0000049B (0x4 bytes), align: 1
  Segment part 34.            Intra module refs:   SecureEeGet
                                                   SecureEePut
           LOCAL                   ADDRESS         
           =====                   =======         
           ?Subroutine9            00000498 
    -------------------------------------------------------------------------
CODE
  Relative segment, address: CODE 0000049C - 000004BD (0x22 bytes), align: 1
  Segment part 35.            Intra module refs:   ?Subroutine0
                                                   ?Subroutine4
           LOCAL                   ADDRESS         
           =====                   =======         
           SecureEeGet             0000049C 
               RSTACK = 00000000 ( 00000002 )
    -------------------------------------------------------------------------
CODE
  Relative segment, address: CODE 000004BE - 000004BF (0x2 bytes), align: 1
  Segment part 36.            Intra module refs:   EEPROM_GetChar
                                                   SecureEeGet
           LOCAL                   ADDRESS         
           =====                   =======         
           ?Subroutine6            000004BE 
    -------------------------------------------------------------------------
CODE
  Relative segment, address: CODE 000004C0 - 000004C5 (0x6 bytes), align: 1
  Segment part 37.            Intra module refs:   ?Subroutine6
                                                   EEPROM_GetChar
                                                   SecureEeGet
    -------------------------------------------------------------------------
ABSOLUTE
  Relative segment, address: DATA 0000001F, align: 0
  Segment part 6. ROOT.
           ENTRY                   ADDRESS         REF BY
           =====                   =======         ======
           __?EECR                 0000001F 
    -------------------------------------------------------------------------
ABSOLUTE
  Relative segment, address: DATA 00000020, align: 0
  Segment part 7. ROOT.
           ENTRY                   ADDRESS         REF BY
           =====                   =======         ======
           __?EEDR                 00000020 
    -------------------------------------------------------------------------
ABSOLUTE
  Relative segment, address: DATA 00000021, align: 0
  Segment part 8. ROOT.
           ENTRY                   ADDRESS         REF BY
           =====                   =======         ======
           __?EEARL                00000021 
    -------------------------------------------------------------------------
ABSOLUTE
  Relative segment, address: DATA 00000022, align: 0
  Segment part 9. ROOT.
           ENTRY                   ADDRESS         REF BY
           =====                   =======         ======
           __?EEARH                00000022 
    -------------------------------------------------------------------------
INITTAB
  Relative segment, address: CODE 0000036E - 00000373 (0x6 bytes), align: 0
  Segment part 13.            Intra module refs:   EeResult
                                                   Segment part 10 (user_mb_app)
                                                   Segment part 7 (user_mb_app)
                                                   Segment part 9 (user_mb_app)
                                                   TMR_OVF_Handler::_A_delay (systick)
                                                   eQueuedEvent (portevent)
                                                   eRcvState (mbrtu)
                                                   main::delay (main)
                                                   qqq (main)
                                                   ucMBSlaveID (mbfuncother)
                                                   ucRTUBuf (mbrtu)
                                                   usSRegHoldBuf (user_mb_app)
                                                   usSRegHoldStart (user_mb_app)
                                                   usTimerOCRDelta (porttimer)
           ENTRY                   ADDRESS         REF BY
           =====                   =======         ======
           ?<Segment init: NEAR_Z>
                                   0000036E 

    *************************************************************************

  FILE NAME : Z:\Dropbox\Projects\Ventmatika\Stepper\software\IAR\ATMEGA328\Obj\func.r90
  PROGRAM MODULE, NAME : func

  SEGMENTS IN THE MODULE
  ======================
ABSOLUTE
  Relative segment, address: DATA 0000007C - 0000007C (0x1 bytes), align: 0
  Segment part 1. ROOT.       Intra module refs:   ReadADC
                                                   ReadAnalogPins (stepper)
                                                   StepperInit (stepper)
           ENTRY                   ADDRESS         REF BY
           =====                   =======         ======
           _A_ADMUX                0000007C 
           LOCAL                   ADDRESS         
           =====                   =======         
           ADMUX                   0000007C 
    -------------------------------------------------------------------------
ABSOLUTE
  Relative segment, address: DATA 0000007A - 0000007A (0x1 bytes), align: 0
  Segment part 2. ROOT.       Intra module refs:   ReadADC
                                                   StepperInit (stepper)
           ENTRY                   ADDRESS         REF BY
           =====                   =======         ======
           _A_ADCSRA               0000007A 
           LOCAL                   ADDRESS         
           =====                   =======         
           ADCSRA                  0000007A 
    -------------------------------------------------------------------------
ABSOLUTE
  Relative segment, address: DATA 00000078 - 00000079 (0x2 bytes), align: 0
  Segment part 3. ROOT.       Intra module refs:   ReadADC
           ENTRY                   ADDRESS         REF BY
           =====                   =======         ======
           _A_ADC                  00000078 
           LOCAL                   ADDRESS         
           =====                   =======         
           ADC                     00000078 
           ADCH                    00000079 
           ADCL                    00000078 
    -------------------------------------------------------------------------
ABSOLUTE
  Relative segment, address: DATA 00000060 - 00000060 (0x1 bytes), align: 0
  Segment part 4. ROOT.       Intra module refs:   WDT_on
           ENTRY                   ADDRESS         REF BY
           =====                   =======         ======
           _A_WDTCSR               00000060 
           LOCAL                   ADDRESS         
           =====                   =======         
           WDTCSR                  00000060 
    -------------------------------------------------------------------------
CODE
  Relative segment, address: CODE 000004C6 - 000004DD (0x18 bytes), align: 1
  Segment part 11.
           ENTRY                   ADDRESS         REF BY
           =====                   =======         ======
           WDT_on                  000004C6        MCU_Init (main)
               RSTACK = 00000000 ( 00000002 )
    -------------------------------------------------------------------------
CODE
  Relative segment, address: CODE 000004DE - 00000507 (0x2a bytes), align: 1
  Segment part 13.
           ENTRY                   ADDRESS         REF BY
           =====                   =======         ======
           ReadADC                 000004DE        ?Subroutine5 (stepper)
                                                   Segment part 36 (stepper)
               RSTACK = 00000000 ( 00000002 )

    *************************************************************************

  FILE NAME : Z:\Dropbox\Projects\Ventmatika\Stepper\software\IAR\ATMEGA328\Obj\interrupts.r90
    *************************************************************************

  FILE NAME : Z:\Dropbox\Projects\Ventmatika\Stepper\software\IAR\ATMEGA328\Obj\main.r90
  PROGRAM MODULE, NAME : main

  SEGMENTS IN THE MODULE
  ======================
ABSOLUTE
  Relative segment, address: DATA 0000006F - 0000006F (0x1 bytes), align: 0
  Segment part 1. ROOT.       Intra module refs:   MCU_Init
                                                   MotorStart (stepper)
                                                   StepperInit (stepper)
                                                   StopClockTimer (stepper)
           ENTRY                   ADDRESS         REF BY
           =====                   =======         ======
           _A_TIMSK1               0000006F 
           LOCAL                   ADDRESS         
           =====                   =======         
           TIMSK1                  0000006F 
    -------------------------------------------------------------------------
ABSOLUTE
  Relative segment, address: DATA 00000055 - 00000055 (0x1 bytes), align: 0
  Segment part 2. ROOT.       Intra module refs:   MCU_Init
           ENTRY                   ADDRESS         REF BY
           =====                   =======         ======
           _A_MCUCR                00000055 
           LOCAL                   ADDRESS         
           =====                   =======         
           MCUCR                   00000055 
    -------------------------------------------------------------------------
ABSOLUTE
  Relative segment, address: DATA 0000002B - 0000002B (0x1 bytes), align: 0
  Segment part 3. ROOT.       Intra module refs:   HandleManualControl
                                                   HandleModbusCommands
                                                   LedsHandle (stepper)
                                                   MCU_Init
                                                   MotorStart (stepper)
                                                   MotorStop (stepper)
                                                   ScrollingHandle (stepper)
                                                   StepperInit (stepper)
           ENTRY                   ADDRESS         REF BY
           =====                   =======         ======
           _A_PORTD                0000002B 
           LOCAL                   ADDRESS         
           =====                   =======         
           PORTD                   0000002B 
    -------------------------------------------------------------------------
ABSOLUTE
  Relative segment, address: DATA 0000002A - 0000002A (0x1 bytes), align: 0
  Segment part 4. ROOT.       Intra module refs:   MCU_Init
           ENTRY                   ADDRESS         REF BY
           =====                   =======         ======
           _A_DDRD                 0000002A 
           LOCAL                   ADDRESS         
           =====                   =======         
           DDRD                    0000002A 
    -------------------------------------------------------------------------
ABSOLUTE
  Relative segment, address: DATA 00000028 - 00000028 (0x1 bytes), align: 0
  Segment part 5. ROOT.       Intra module refs:   HallSensorHandle (stepper)
                                                   LedsHandle (stepper)
                                                   MCU_Init
                                                   StepperInit (stepper)
           ENTRY                   ADDRESS         REF BY
           =====                   =======         ======
           _A_PORTC                00000028 
           LOCAL                   ADDRESS         
           =====                   =======         
           PORTC                   00000028 
    -------------------------------------------------------------------------
ABSOLUTE
  Relative segment, address: DATA 00000027 - 00000027 (0x1 bytes), align: 0
  Segment part 6. ROOT.       Intra module refs:   MCU_Init
           ENTRY                   ADDRESS         REF BY
           =====                   =======         ======
           _A_DDRC                 00000027 
           LOCAL                   ADDRESS         
           =====                   =======         
           DDRC                    00000027 
    -------------------------------------------------------------------------
ABSOLUTE
  Relative segment, address: DATA 00000026 - 00000026 (0x1 bytes), align: 0
  Segment part 7. ROOT.       Intra module refs:   DipSwitchHandle (stepper)
                                                   HandleManualControl
           ENTRY                   ADDRESS         REF BY
           =====                   =======         ======
           _A_PINC                 00000026 
           LOCAL                   ADDRESS         
           =====                   =======         
           PINC                    00000026 
    -------------------------------------------------------------------------
ABSOLUTE
  Relative segment, address: DATA 00000025 - 00000025 (0x1 bytes), align: 0
  Segment part 8. ROOT.       Intra module refs:   MCU_Init
                                                   TMR_COMPA_Handler (stepper)
                                                   USART_TXC_Handler (portserial)
                                                   main
                                                   vMBPortSerialEnable (portserial)
                                                   xMBPortSerialInit (portserial)
           ENTRY                   ADDRESS         REF BY
           =====                   =======         ======
           _A_PORTB                00000025 
           LOCAL                   ADDRESS         
           =====                   =======         
           PORTB                   00000025 
    -------------------------------------------------------------------------
ABSOLUTE
  Relative segment, address: DATA 00000024 - 00000024 (0x1 bytes), align: 0
  Segment part 9. ROOT.       Intra module refs:   MCU_Init
                                                   xMBPortSerialInit (portserial)
           ENTRY                   ADDRESS         REF BY
           =====                   =======         ======
           _A_DDRB                 00000024 
           LOCAL                   ADDRESS         
           =====                   =======         
           DDRB                    00000024 
    -------------------------------------------------------------------------
NEAR_I
  Relative segment, address: DATA 00000100 - 00000117 (0x18 bytes), align: 0
  Segment part 16. ROOT.      Intra module refs:   main
           ENTRY                   ADDRESS         REF BY
           =====                   =======         ======
           ucID_buf                00000100 
    -------------------------------------------------------------------------
CODE
  Relative segment, address: CODE 00000508 - 000006DF (0x1d8 bytes), align: 1
  Segment part 22.
           ENTRY                   ADDRESS         REF BY
           =====                   =======         ======
           main                    00000508        ?cstartup_call_main (?C_STARTUP)
               calls direct
               RSTACK = 00000000 ( 00000002 )
    -------------------------------------------------------------------------
CODE
  Relative segment, address: CODE 000006E0 - 000006E1 (0x2 bytes), align: 1
  Segment part 23.            Intra module refs:   ?Subroutine8
                                                   main
           LOCAL                   ADDRESS         
           =====                   =======         
           ?Subroutine23           000006E0 
    -------------------------------------------------------------------------
CODE
  Relative segment, address: CODE 000006E2 - 000006E5 (0x4 bytes), align: 1
  Segment part 24.            Intra module refs:   ?Subroutine23
                                                   EE_DataInit
           LOCAL                   ADDRESS         
           =====                   =======         
           ?Subroutine25           000006E2 
    -------------------------------------------------------------------------
CODE
  Relative segment, address: CODE 000006E6 - 000006E9 (0x4 bytes), align: 1
  Segment part 25.            Intra module refs:   main
           LOCAL                   ADDRESS         
           =====                   =======         
           ?Subroutine7            000006E6 
    -------------------------------------------------------------------------
CODE
  Relative segment, address: CODE 000006EA - 000006F1 (0x8 bytes), align: 1
  Segment part 26.            Intra module refs:   main
           LOCAL                   ADDRESS         
           =====                   =======         
           ?Subroutine2            000006EA 
    -------------------------------------------------------------------------
CODE
  Relative segment, address: CODE 000006F2 - 00000701 (0x10 bytes), align: 1
  Segment part 27.            Intra module refs:   main
           LOCAL                   ADDRESS         
           =====                   =======         
           ?Subroutine1            000006F2 
    -------------------------------------------------------------------------
CODE
  Relative segment, address: CODE 00000702 - 0000070B (0xa bytes), align: 1
  Segment part 28.            Intra module refs:   ?Subroutine1
                                                   main
           LOCAL                   ADDRESS         
           =====                   =======         
           ?Subroutine20           00000702 
    -------------------------------------------------------------------------
NEAR_Z
  Relative segment, address: DATA 00000186 - 0000018A (0x5 bytes), align: 0
  Segment part 19.            Intra module refs:   main
           LOCAL                   ADDRESS         
           =====                   =======         
           main::delay             00000186 
           MbInitOk                0000018A 
    -------------------------------------------------------------------------
NEAR_Z
  Relative segment, address: DATA 0000018B - 0000018E (0x4 bytes), align: 0
  Segment part 21. ROOT.
           ENTRY                   ADDRESS         REF BY
           =====                   =======         ======
           qqq                     0000018B 
    -------------------------------------------------------------------------
CODE
  Relative segment, address: CODE 0000070C - 000007C1 (0xb6 bytes), align: 1
  Segment part 29.            Intra module refs:   main
           LOCAL                   ADDRESS         
           =====                   =======         
           HandleModbusCommands    0000070C 
               calls direct and indirect
               CSTACK = 00000000 ( 00000002 )
               RSTACK = 00000000 ( 00000002 )
    -------------------------------------------------------------------------
CODE
  Relative segment, address: CODE 000007C2 - 000007D5 (0x14 bytes), align: 1
  Segment part 30.            Intra module refs:   HandleModbusCommands
           LOCAL                   ADDRESS         
           =====                   =======         
           ?Subroutine15           000007C2 
    -------------------------------------------------------------------------
CODE
  Relative segment, address: CODE 000007D6 - 000007DB (0x6 bytes), align: 1
  Segment part 31.            Intra module refs:   HandleModbusCommands
           LOCAL                   ADDRESS         
           =====                   =======         
           ?Subroutine11           000007D6 
    -------------------------------------------------------------------------
CODE
  Relative segment, address: CODE 000007DC - 000007E1 (0x6 bytes), align: 1
  Segment part 32.            Intra module refs:   ?Subroutine11
                                                   HandleModbusCommands
           LOCAL                   ADDRESS         
           =====                   =======         
           ?Subroutine19           000007DC 
    -------------------------------------------------------------------------
CODE
  Relative segment, address: CODE 000007E2 - 000007E5 (0x4 bytes), align: 1
  Segment part 33.            Intra module refs:   ?Subroutine18
                                                   ?Subroutine19
           LOCAL                   ADDRESS         
           =====                   =======         
           ?Subroutine26           000007E2 
    -------------------------------------------------------------------------
CODE
  Relative segment, address: CODE 000007E6 - 000007EF (0xa bytes), align: 1
  Segment part 34.            Intra module refs:   HandleModbusCommands
                                                   main
           LOCAL                   ADDRESS         
           =====                   =======         
           ?Subroutine6            000007E6 
    -------------------------------------------------------------------------
CODE
  Relative segment, address: CODE 000007F0 - 000007F5 (0x6 bytes), align: 1
  Segment part 35.            Intra module refs:   HandleManualControl
                                                   HandleModbusCommands
                                                   main
           LOCAL                   ADDRESS         
           =====                   =======         
           ?Subroutine3            000007F0 
    -------------------------------------------------------------------------
CODE
  Relative segment, address: CODE 000007F6 - 00000871 (0x7c bytes), align: 1
  Segment part 36.            Intra module refs:   main
           LOCAL                   ADDRESS         
           =====                   =======         
           HandleManualControl     000007F6 
               calls direct
               CSTACK = 00000000 ( 00000004 )
               RSTACK = 00000000 ( 00000002 )
    -------------------------------------------------------------------------
CODE
  Relative segment, address: CODE 00000872 - 00000881 (0x10 bytes), align: 1
  Segment part 37.            Intra module refs:   HandleManualControl
                                                   HandleModbusCommands
           LOCAL                   ADDRESS         
           =====                   =======         
           ?Subroutine17           00000872 
    -------------------------------------------------------------------------
CODE
  Relative segment, address: CODE 00000882 - 00000885 (0x4 bytes), align: 1
  Segment part 38.            Intra module refs:   HandleManualControl
                                                   main
           LOCAL                   ADDRESS         
           =====                   =======         
           ?Subroutine16           00000882 
    -------------------------------------------------------------------------
CODE
  Relative segment, address: CODE 00000886 - 00000887 (0x2 bytes), align: 1
  Segment part 39.            Intra module refs:   HandleManualControl
                                                   HandleModbusCommands
           LOCAL                   ADDRESS         
           =====                   =======         
           ?Subroutine12           00000886 
    -------------------------------------------------------------------------
CODE
  Relative segment, address: CODE 00000888 - 0000088F (0x8 bytes), align: 1
  Segment part 40.            Intra module refs:   ?Subroutine12
                                                   HandleModbusCommands
           LOCAL                   ADDRESS         
           =====                   =======         
           ?Subroutine21           00000888 
    -------------------------------------------------------------------------
CODE
  Relative segment, address: CODE 00000890 - 00000899 (0xa bytes), align: 1
  Segment part 41.            Intra module refs:   HandleManualControl
                                                   HandleModbusCommands
           LOCAL                   ADDRESS         
           =====                   =======         
           ?Subroutine10           00000890 
    -------------------------------------------------------------------------
CODE
  Relative segment, address: CODE 0000089A - 000008A1 (0x8 bytes), align: 1
  Segment part 42.            Intra module refs:   ?Subroutine10
                                                   main
           LOCAL                   ADDRESS         
           =====                   =======         
           ?Subroutine18           0000089A 
    -------------------------------------------------------------------------
CODE
  Relative segment, address: CODE 000008A2 - 000008D7 (0x36 bytes), align: 1
  Segment part 43.            Intra module refs:   main
           LOCAL                   ADDRESS         
           =====                   =======         
           MCU_Init                000008A2 
               calls direct
               RSTACK = 00000000 ( 00000002 )
    -------------------------------------------------------------------------
CODE
  Relative segment, address: CODE 000008D8 - 00000983 (0xac bytes), align: 1
  Segment part 44.            Intra module refs:   main
           LOCAL                   ADDRESS         
           =====                   =======         
           EE_DataInit             000008D8 
               calls direct
               RSTACK = 00000000 ( 00000002 )
    -------------------------------------------------------------------------
CODE
  Relative segment, address: CODE 00000984 - 0000098B (0x8 bytes), align: 1
  Segment part 45.            Intra module refs:   EE_DataInit
                                                   main
           LOCAL                   ADDRESS         
           =====                   =======         
           ?Subroutine14           00000984 
    -------------------------------------------------------------------------
CODE
  Relative segment, address: CODE 0000098C - 0000098F (0x4 bytes), align: 1
  Segment part 46.            Intra module refs:   EE_DataInit
           LOCAL                   ADDRESS         
           =====                   =======         
           ?Subroutine9            0000098C 
    -------------------------------------------------------------------------
CODE
  Relative segment, address: CODE 00000990 - 00000995 (0x6 bytes), align: 1
  Segment part 47.            Intra module refs:   ?Subroutine9
                                                   main
           LOCAL                   ADDRESS         
           =====                   =======         
           ?Subroutine22           00000990 
    -------------------------------------------------------------------------
CODE
  Relative segment, address: CODE 00000996 - 00000997 (0x2 bytes), align: 1
  Segment part 48.            Intra module refs:   EE_DataInit
           LOCAL                   ADDRESS         
           =====                   =======         
           ?Subroutine8            00000996 
    -------------------------------------------------------------------------
CODE
  Relative segment, address: CODE 00000998 - 000009A7 (0x10 bytes), align: 1
  Segment part 49.            Intra module refs:   ?Subroutine8
                                                   ?Subroutine9
                                                   EE_DataInit
           LOCAL                   ADDRESS         
           =====                   =======         
           ?Subroutine24           00000998 
    -------------------------------------------------------------------------
CODE
  Relative segment, address: CODE 000009A8 - 000009AF (0x8 bytes), align: 1
  Segment part 50.            Intra module refs:   EE_DataInit
                                                   main
           LOCAL                   ADDRESS         
           =====                   =======         
           ?Subroutine5            000009A8 
    -------------------------------------------------------------------------
CODE
  Relative segment, address: CODE 000009B0 - 000009B7 (0x8 bytes), align: 1
  Segment part 51.            Intra module refs:   EE_DataInit
                                                   main
           LOCAL                   ADDRESS         
           =====                   =======         
           ?Subroutine4            000009B0 
    -------------------------------------------------------------------------
CODE
  Relative segment, address: CODE 000009B8 - 000009B9 (0x2 bytes), align: 1
  Segment part 52.            Intra module refs:   EE_DataInit
                                                   main
           LOCAL                   ADDRESS         
           =====                   =======         
           ?Subroutine0            000009B8 
    -------------------------------------------------------------------------
CODE
  Relative segment, address: CODE 000009BA - 000009BB (0x2 bytes), align: 1
  Segment part 53.            Intra module refs:   ?Subroutine0
                                                   EE_DataInit
                                                   main
    -------------------------------------------------------------------------
CODE
  Relative segment, address: CODE 000009BC - 000009BF (0x4 bytes), align: 1
  Segment part 54.            Intra module refs:   Segment part 53
                                                   main
    -------------------------------------------------------------------------
NEAR_ID
  Relative segment, address: CODE 000024D6 - 000024ED (0x18 bytes), align: 0
  Segment part 17. ROOT.      Intra module refs:   ucID_buf
    -------------------------------------------------------------------------
INITTAB
  Relative segment, address: CODE 00000374 - 00000379 (0x6 bytes), align: 0
  Segment part 18.            Intra module refs:   ReadAnalogPins::channel (stepper)
                                                   Segment part 21 (stepper)
                                                   Segment part 7 (mb)
                                                   pMotorControl (stepper)
                                                   ucID_buf
           ENTRY                   ADDRESS         REF BY
           =====                   =======         ======
           ?<Segment init: NEAR_I>
                                   00000374 

    *************************************************************************

  FILE NAME : Z:\Dropbox\Projects\Ventmatika\Stepper\software\IAR\ATMEGA328\Obj\mb.r90
  PROGRAM MODULE, NAME : mb

  SEGMENTS IN THE MODULE
  ======================
CODE
  Relative segment, address: CODE 000009C0 - 00000A45 (0x86 bytes), align: 1
  Segment part 13.
           ENTRY                   ADDRESS         REF BY
           =====                   =======         ======
           eMBInit                 000009C0        main (main)
               calls direct
               CSTACK = 00000000 ( 00000001 )
               RSTACK = 00000000 ( 00000002 )
    -------------------------------------------------------------------------
CODE
  Relative segment, address: CODE 00000A46 - 00000A4B (0x6 bytes), align: 1
  Segment part 14.            Intra module refs:   eMBClose
                                                   eMBInit
           LOCAL                   ADDRESS         
           =====                   =======         
           ?Subroutine2            00000A46 
    -------------------------------------------------------------------------
CODE
  Relative segment, address: CODE 00000A4C - 00000A6D (0x22 bytes), align: 1
  Segment part 15.
           ENTRY                   ADDRESS         REF BY
           =====                   =======         ======
           eMBClose                00000A4C        main (main)
               calls indirect
               CSTACK = 00000000 ( 00000001 )
               RSTACK = 00000000 ( 00000002 )
    -------------------------------------------------------------------------
CODE
  Relative segment, address: CODE 00000A6E - 00000A81 (0x14 bytes), align: 1
  Segment part 16.
           ENTRY                   ADDRESS         REF BY
           =====                   =======         ======
           eMBEnable               00000A6E        main (main)
               calls indirect
               CSTACK = 00000000 ( 00000004 )
               RSTACK = 00000000 ( 00000002 )
    -------------------------------------------------------------------------
CODE
  Relative segment, address: CODE 00000A82 - 00000A89 (0x8 bytes), align: 1
  Segment part 17.            Intra module refs:   eMBDisable
                                                   eMBEnable
           LOCAL                   ADDRESS         
           =====                   =======         
           ?Subroutine3            00000A82 
    -------------------------------------------------------------------------
CODE
  Relative segment, address: CODE 00000A8A - 00000AA5 (0x1c bytes), align: 1
  Segment part 18.
           ENTRY                   ADDRESS         REF BY
           =====                   =======         ======
           eMBDisable              00000A8A        main (main)
               calls indirect
               CSTACK = 00000000 ( 00000004 )
               RSTACK = 00000000 ( 00000002 )
    -------------------------------------------------------------------------
CODE
  Relative segment, address: CODE 00000AA6 - 00000AB1 (0xc bytes), align: 1
  Segment part 19.            Intra module refs:   eMBDisable
                                                   eMBEnable
           LOCAL                   ADDRESS         
           =====                   =======         
           ?Subroutine1            00000AA6 
    -------------------------------------------------------------------------
CODE
  Relative segment, address: CODE 00000AB2 - 00000AB7 (0x6 bytes), align: 1
  Segment part 20.            Intra module refs:   eMBDisable
                                                   eMBEnable
                                                   eMBPoll
           LOCAL                   ADDRESS         
           =====                   =======         
           ?Subroutine0            00000AB2 
    -------------------------------------------------------------------------
CODE
  Relative segment, address: CODE 00000AB8 - 00000BAB (0xf4 bytes), align: 1
  Segment part 21.
           ENTRY                   ADDRESS         REF BY
           =====                   =======         ======
           eMBPoll                 00000AB8        main (main)
               calls direct and indirect
               CSTACK = 00000000 ( 00000003 )
               RSTACK = 00000000 ( 00000004 )
    -------------------------------------------------------------------------
NEAR_I
  Relative segment, address: DATA 00000118 - 00000156 (0x3f bytes), align: 0
  Segment part 7.             Intra module refs:   ?Subroutine1
                                                   eMBClose
                                                   eMBDisable
                                                   eMBEnable
                                                   eMBInit
                                                   eMBPoll
           ENTRY                   ADDRESS         REF BY
           =====                   =======         ======
           NewMbEvent              00000153        HandleModbusCommands (main)
           pxMBFrameCBByteReceived
                                   00000146        USART_Rec_Handler (portserial)
           pxMBFrameCBTransmitterEmpty
                                   00000148        USART_RXC_Handler (portserial)
           pxMBPortCBTimerExpired
                                   0000014A        TMR2_COMP_Handler (porttimer)
           LOCAL                   ADDRESS         
           =====                   =======         
           eMBPoll::eException     00000156 
           eMBPoll::ucFunctionCode
                                   00000155 
           eMBPoll::ucMBFrame      0000014C 
           eMBPoll::ucRcvAddress   00000154 
           eMBPoll::usLength       0000014E 
           eMBCurrentMode          00000151 
           eMBState                00000152 
           peMBFrameReceiveCur     00000142 
           peMBFrameSendCur        0000013C 
           pvMBFrameCloseCur       00000144 
           pvMBFrameStartCur       0000013E 
           pvMBFrameStopCur        00000140 
           ucMBAddress             00000150 
           xFuncHandlers           00000118 
    -------------------------------------------------------------------------
NEAR_ID
  Relative segment, address: CODE 000024EE - 0000252C (0x3f bytes), align: 0
  Segment part 8.             Intra module refs:   Segment part 7

    *************************************************************************

  FILE NAME : Z:\Dropbox\Projects\Ventmatika\Stepper\software\IAR\ATMEGA328\Obj\mbcrc.r90
  PROGRAM MODULE, NAME : mbcrc

  SEGMENTS IN THE MODULE
  ======================
NEAR_F
  Relative segment, address: CODE 00000068 - 00000267 (0x200 bytes), align: 0
  Segment part 7.             Intra module refs:   usMBCRC16
           LOCAL                   ADDRESS         
           =====                   =======         
           aucCRCHi                00000068 
           aucCRCLo                00000168 
    -------------------------------------------------------------------------
CODE
  Relative segment, address: CODE 00000BAC - 00000BE7 (0x3c bytes), align: 1
  Segment part 8.
           ENTRY                   ADDRESS         REF BY
           =====                   =======         ======
           usMBCRC16               00000BAC        eMBRTUReceive (mbrtu)
                                                   eMBRTUSend (mbrtu)
               RSTACK = 00000000 ( 00000002 )

    *************************************************************************

  FILE NAME : Z:\Dropbox\Projects\Ventmatika\Stepper\software\IAR\ATMEGA328\Obj\mbfunccoils.r90
  PROGRAM MODULE, NAME : mbfunccoils

  SEGMENTS IN THE MODULE
  ======================
CODE
  Relative segment, address: CODE 00000BE8 - 00000C63 (0x7c bytes), align: 1
  Segment part 7.
           ENTRY                   ADDRESS         REF BY
           =====                   =======         ======
           eMBFuncReadCoils        00000BE8        Segment part 8 (mb)
               calls direct
               CSTACK = 00000000 ( 00000006 )
               RSTACK = 00000000 ( 00000004 )
    -------------------------------------------------------------------------
CODE
  Relative segment, address: CODE 00000C64 - 00000C71 (0xe bytes), align: 1
  Segment part 8.             Intra module refs:   eMBFuncReadCoils
           LOCAL                   ADDRESS         
           =====                   =======         
           ?Subroutine0            00000C64 
    -------------------------------------------------------------------------
CODE
  Relative segment, address: CODE 00000C72 - 00000CCD (0x5c bytes), align: 1
  Segment part 9.
           ENTRY                   ADDRESS         REF BY
           =====                   =======         ======
           eMBFuncWriteCoil        00000C72        Segment part 8 (mb)
               calls direct
               CSTACK = 00000000 ( 00000006 )
               RSTACK = 00000000 ( 00000002 )
    -------------------------------------------------------------------------
CODE
  Relative segment, address: CODE 00000CCE - 00000CD7 (0xa bytes), align: 1
  Segment part 10.            Intra module refs:   eMBFuncReadCoils
                                                   eMBFuncWriteCoil
           LOCAL                   ADDRESS         
           =====                   =======         
           ?Subroutine1            00000CCE 

    *************************************************************************

  FILE NAME : Z:\Dropbox\Projects\Ventmatika\Stepper\software\IAR\ATMEGA328\Obj\mbfuncdiag.r90
    *************************************************************************

  FILE NAME : Z:\Dropbox\Projects\Ventmatika\Stepper\software\IAR\ATMEGA328\Obj\mbfuncdisc.r90
  PROGRAM MODULE, NAME : mbfuncdisc

  SEGMENTS IN THE MODULE
  ======================
CODE
  Relative segment, address: CODE 00000CD8 - 00000D55 (0x7e bytes), align: 1
  Segment part 7.
           ENTRY                   ADDRESS         REF BY
           =====                   =======         ======
           eMBFuncReadDiscreteInputs
                                   00000CD8        Segment part 8 (mb)
               calls direct
               CSTACK = 00000000 ( 00000006 )
               RSTACK = 00000000 ( 00000004 )
    -------------------------------------------------------------------------
CODE
  Relative segment, address: CODE 00000D56 - 00000D63 (0xe bytes), align: 1
  Segment part 8.             Intra module refs:   eMBFuncReadDiscreteInputs
           LOCAL                   ADDRESS         
           =====                   =======         
           ?Subroutine0            00000D56 

    *************************************************************************

  FILE NAME : Z:\Dropbox\Projects\Ventmatika\Stepper\software\IAR\ATMEGA328\Obj\mbfuncholding.r90
  PROGRAM MODULE, NAME : mbfuncholding

  SEGMENTS IN THE MODULE
  ======================
CODE
  Relative segment, address: CODE 00000D64 - 00000D9F (0x3c bytes), align: 1
  Segment part 7.
           ENTRY                   ADDRESS         REF BY
           =====                   =======         ======
           eMBFuncWriteHoldingRegister
                                   00000D64        Segment part 8 (mb)
               calls direct
               CSTACK = 00000000 ( 00000001 )
               RSTACK = 00000000 ( 00000002 )
    -------------------------------------------------------------------------
CODE
  Relative segment, address: CODE 00000DA0 - 00000E0D (0x6e bytes), align: 1
  Segment part 8.
           ENTRY                   ADDRESS         REF BY
           =====                   =======         ======
           eMBFuncReadHoldingRegister
                                   00000DA0        Segment part 8 (mb)
               calls direct
               CSTACK = 00000000 ( 00000005 )
               RSTACK = 00000000 ( 00000002 )
    -------------------------------------------------------------------------
CODE
  Relative segment, address: CODE 00000E0E - 00000E1D (0x10 bytes), align: 1
  Segment part 9.             Intra module refs:   eMBFuncReadHoldingRegister
           LOCAL                   ADDRESS         
           =====                   =======         
           ?Subroutine0            00000E0E 

    *************************************************************************

  FILE NAME : Z:\Dropbox\Projects\Ventmatika\Stepper\software\IAR\ATMEGA328\Obj\mbfuncinput.r90
  PROGRAM MODULE, NAME : mbfuncinput

  SEGMENTS IN THE MODULE
  ======================
CODE
  Relative segment, address: CODE 00000E1E - 00000E8B (0x6e bytes), align: 1
  Segment part 7.
           ENTRY                   ADDRESS         REF BY
           =====                   =======         ======
           eMBFuncReadInputRegister
                                   00000E1E        Segment part 8 (mb)
               calls direct
               CSTACK = 00000000 ( 00000005 )
               RSTACK = 00000000 ( 00000002 )
    -------------------------------------------------------------------------
CODE
  Relative segment, address: CODE 00000E8C - 00000E9B (0x10 bytes), align: 1
  Segment part 8.             Intra module refs:   eMBFuncReadInputRegister
           LOCAL                   ADDRESS         
           =====                   =======         
           ?Subroutine0            00000E8C 

    *************************************************************************

  FILE NAME : Z:\Dropbox\Projects\Ventmatika\Stepper\software\IAR\ATMEGA328\Obj\mbfuncother.r90
  PROGRAM MODULE, NAME : mbfuncother

  SEGMENTS IN THE MODULE
  ======================
NEAR_Z
  Relative segment, address: DATA 0000018F - 000001B0 (0x22 bytes), align: 0
  Segment part 7.             Intra module refs:   eMBFuncReportSlaveID
                                                   eMBSetSlaveID
           LOCAL                   ADDRESS         
           =====                   =======         
           ucMBSlaveID             0000018F 
           usMBSlaveIDLen          000001AF 
    -------------------------------------------------------------------------
CODE
  Relative segment, address: CODE 00000E9C - 00000EFD (0x62 bytes), align: 1
  Segment part 9.
           ENTRY                   ADDRESS         REF BY
           =====                   =======         ======
           eMBSetSlaveID           00000E9C        main (main)
               calls direct
               CSTACK = 00000000 ( 00000006 )
               RSTACK = 00000000 ( 00000002 )
    -------------------------------------------------------------------------
CODE
  Relative segment, address: CODE 00000EFE - 00000F27 (0x2a bytes), align: 1
  Segment part 10.
           ENTRY                   ADDRESS         REF BY
           =====                   =======         ======
           eMBFuncReportSlaveID    00000EFE        Segment part 8 (mb)
               calls direct
               CSTACK = 00000000 ( 00000004 )
               RSTACK = 00000000 ( 00000002 )

    *************************************************************************

  FILE NAME : Z:\Dropbox\Projects\Ventmatika\Stepper\software\IAR\ATMEGA328\Obj\mbrtu.r90
  PROGRAM MODULE, NAME : mbrtu

  SEGMENTS IN THE MODULE
  ======================
NEAR_Z
  Relative segment, address: DATA 000001B1 - 000001B8 (0x8 bytes), align: 0
  Segment part 7.             Intra module refs:   ?Subroutine3
                                                   eMBRTUSend
                                                   eMBRTUStart
                                                   xMBRTUReceiveFSM
                                                   xMBRTUTimerT35Expired
                                                   xMBRTUTransmitFSM
           LOCAL                   ADDRESS         
           =====                   =======         
           eRcvState               000001B8 
           eSndState               000001B7 
           pucSndBufferCur         000001B1 
           usRcvBufferPos          000001B5 
           usSndBufferCount        000001B3 
    -------------------------------------------------------------------------
NEAR_Z
  Relative segment, address: DATA 000001B9 - 000002B8 (0x100 bytes), align: 0
  Segment part 9.             Intra module refs:   ?Subroutine5
                                                   eMBRTUReceive
                                                   xMBRTUReceiveFSM
           ENTRY                   ADDRESS         REF BY
           =====                   =======         ======
           ucRTUBuf                000001B9 
    -------------------------------------------------------------------------
CODE
  Relative segment, address: CODE 00000F28 - 00000F7F (0x58 bytes), align: 1
  Segment part 10.
           ENTRY                   ADDRESS         REF BY
           =====                   =======         ======
           eMBRTUInit              00000F28        eMBInit (mb)
               calls direct
               CSTACK = 00000000 ( 00000005 )
               RSTACK = 00000000 ( 00000004 )
    -------------------------------------------------------------------------
CODE
  Relative segment, address: CODE 00000F80 - 00000F8D (0xe bytes), align: 1
  Segment part 11.
           ENTRY                   ADDRESS         REF BY
           =====                   =======         ======
           eMBRTUStart             00000F80        eMBInit (mb)
               calls direct
               RSTACK = 00000000 ( 00000002 )
    -------------------------------------------------------------------------
CODE
  Relative segment, address: CODE 00000F8E - 00000F91 (0x4 bytes), align: 1
  Segment part 12.            Intra module refs:   eMBRTUStart
                                                   eMBRTUStop
           LOCAL                   ADDRESS         
           =====                   =======         
           ?Subroutine7            00000F8E 
    -------------------------------------------------------------------------
CODE
  Relative segment, address: CODE 00000F92 - 00000F9D (0xc bytes), align: 1
  Segment part 13.
           ENTRY                   ADDRESS         REF BY
           =====                   =======         ======
           eMBRTUStop              00000F92        eMBInit (mb)
               calls direct
               RSTACK = 00000000 ( 00000002 )
    -------------------------------------------------------------------------
CODE
  Relative segment, address: CODE 00000F9E - 00000FED (0x50 bytes), align: 1
  Segment part 14.
           ENTRY                   ADDRESS         REF BY
           =====                   =======         ======
           eMBRTUReceive           00000F9E        eMBInit (mb)
               calls direct
               CSTACK = 00000000 ( 00000008 )
               RSTACK = 00000000 ( 00000002 )
    -------------------------------------------------------------------------
CODE
  Relative segment, address: CODE 00000FEE - 00000FF7 (0xa bytes), align: 1
  Segment part 15.            Intra module refs:   eMBRTUReceive
           LOCAL                   ADDRESS         
           =====                   =======         
           ?Subroutine3            00000FEE 
    -------------------------------------------------------------------------
CODE
  Relative segment, address: CODE 00000FF8 - 00001055 (0x5e bytes), align: 1
  Segment part 16.
           ENTRY                   ADDRESS         REF BY
           =====                   =======         ======
           eMBRTUSend              00000FF8        eMBInit (mb)
               calls direct
               CSTACK = 00000000 ( 00000004 )
               RSTACK = 00000000 ( 00000002 )
    -------------------------------------------------------------------------
CODE
  Relative segment, address: CODE 00001056 - 00001057 (0x2 bytes), align: 1
  Segment part 17.            Intra module refs:   eMBRTUSend
                                                   xMBRTUTransmitFSM
           LOCAL                   ADDRESS         
           =====                   =======         
           ?Subroutine8            00001056 
    -------------------------------------------------------------------------
CODE
  Relative segment, address: CODE 00001058 - 0000105D (0x6 bytes), align: 1
  Segment part 18.            Intra module refs:   ?Subroutine8
                                                   xMBRTUReceiveFSM
    -------------------------------------------------------------------------
CODE
  Relative segment, address: CODE 0000105E - 00001075 (0x18 bytes), align: 1
  Segment part 19.            Intra module refs:   eMBRTUSend
           LOCAL                   ADDRESS         
           =====                   =======         
           ?Subroutine5            0000105E 
    -------------------------------------------------------------------------
CODE
  Relative segment, address: CODE 00001076 - 00001077 (0x2 bytes), align: 1
  Segment part 20.            Intra module refs:   eMBRTUSend
                                                   eMBRTUStop
           LOCAL                   ADDRESS         
           =====                   =======         
           ?Subroutine2            00001076 
    -------------------------------------------------------------------------
CODE
  Relative segment, address: CODE 00001078 - 0000107B (0x4 bytes), align: 1
  Segment part 21.            Intra module refs:   ?Subroutine0
                                                   ?Subroutine2
           LOCAL                   ADDRESS         
           =====                   =======         
           ?Subroutine9            00001078 
    -------------------------------------------------------------------------
CODE
  Relative segment, address: CODE 0000107C - 000010D3 (0x58 bytes), align: 1
  Segment part 22.
           ENTRY                   ADDRESS         REF BY
           =====                   =======         ======
           xMBRTUReceiveFSM        0000107C        eMBInit (mb)
               calls direct
               CSTACK = 00000000 ( 00000005 )
               RSTACK = 00000000 ( 00000002 )
    -------------------------------------------------------------------------
CODE
  Relative segment, address: CODE 000010D4 - 000010D7 (0x4 bytes), align: 1
  Segment part 23.            Intra module refs:   eMBRTUSend
                                                   xMBRTUReceiveFSM
                                                   xMBRTUTransmitFSM
           LOCAL                   ADDRESS         
           =====                   =======         
           ?Subroutine4            000010D4 
    -------------------------------------------------------------------------
CODE
  Relative segment, address: CODE 000010D8 - 000010E7 (0x10 bytes), align: 1
  Segment part 24.            Intra module refs:   xMBRTUReceiveFSM
           LOCAL                   ADDRESS         
           =====                   =======         
           ?Subroutine1            000010D8 
    -------------------------------------------------------------------------
CODE
  Relative segment, address: CODE 000010E8 - 0000113D (0x56 bytes), align: 1
  Segment part 25.
           ENTRY                   ADDRESS         REF BY
           =====                   =======         ======
           xMBRTUTransmitFSM       000010E8        eMBInit (mb)
               calls direct
               CSTACK = 00000000 ( 00000004 )
               RSTACK = 00000000 ( 00000002 )
    -------------------------------------------------------------------------
CODE
  Relative segment, address: CODE 0000113E - 00001145 (0x8 bytes), align: 1
  Segment part 26.            Intra module refs:   eMBRTUSend
                                                   xMBRTUTransmitFSM
           LOCAL                   ADDRESS         
           =====                   =======         
           ?Subroutine6            0000113E 
    -------------------------------------------------------------------------
CODE
  Relative segment, address: CODE 00001146 - 0000114B (0x6 bytes), align: 1
  Segment part 27.            Intra module refs:   eMBRTUStart
                                                   xMBRTUTransmitFSM
           LOCAL                   ADDRESS         
           =====                   =======         
           ?Subroutine0            00001146 
    -------------------------------------------------------------------------
CODE
  Relative segment, address: CODE 0000114C - 00001179 (0x2e bytes), align: 1
  Segment part 28.
           ENTRY                   ADDRESS         REF BY
           =====                   =======         ======
           xMBRTUTimerT35Expired   0000114C        eMBInit (mb)
               calls direct
               CSTACK = 00000000 ( 00000001 )
               RSTACK = 00000000 ( 00000002 )

    *************************************************************************

  FILE NAME : Z:\Dropbox\Projects\Ventmatika\Stepper\software\IAR\ATMEGA328\Obj\mbutils.r90
  PROGRAM MODULE, NAME : mbutils

  SEGMENTS IN THE MODULE
  ======================
CODE
  Relative segment, address: CODE 0000117A - 000011B3 (0x3a bytes), align: 1
  Segment part 7.
           ENTRY                   ADDRESS         REF BY
           =====                   =======         ======
           xMBUtilSetBits          0000117A        ?Subroutine21 (main)
                                                   ?Subroutine37 (stepper)
                                                   ?Subroutine6 (user_mb_app)
                                                   main (main)
               RSTACK = 00000000 ( 00000004 )
    -------------------------------------------------------------------------
CODE
  Relative segment, address: CODE 000011B4 - 000011B5 (0x2 bytes), align: 1
  Segment part 8.             Intra module refs:   xMBUtilSetBits
           LOCAL                   ADDRESS         
           =====                   =======         
[...]
           =====                   =======         ======
           ?PROLOGUE1_L09          00002440 
    -------------------------------------------------------------------------
CODE
  Relative segment, address: CODE 00002442 - 00002443 (0x2 bytes), align: 1
  Segment part 16.            Intra module refs:   ?PROLOGUE1_L09

    -------------------------------------------------------------------------
  LIBRARY MODULE, NAME : ?EPILOGUE_B_L09

  SEGMENTS IN THE MODULE
  ======================
CODE
  Relative segment, address: CODE 00002444 - 00002445 (0x2 bytes), align: 1
  Segment part 5.
           ENTRY                   ADDRESS         REF BY
           =====                   =======         ======
           ?EPILOGUE_B11_L09       00002444        ?Subroutine7 (user_mb_app)
    -------------------------------------------------------------------------
CODE
  Relative segment, address: CODE 00002446 - 00002447 (0x2 bytes), align: 1
  Segment part 6.             Intra module refs:   ?EPILOGUE_B11_L09
           ENTRY                   ADDRESS         REF BY
           =====                   =======         ======
           ?EPILOGUE_B10_L09       00002446 
    -------------------------------------------------------------------------
CODE
  Relative segment, address: CODE 00002448 - 00002449 (0x2 bytes), align: 1
  Segment part 7.             Intra module refs:   ?EPILOGUE_B10_L09
           ENTRY                   ADDRESS         REF BY
           =====                   =======         ======
           ?EPILOGUE_B9_L09        00002448 
    -------------------------------------------------------------------------
CODE
  Relative segment, address: CODE 0000244A - 0000244B (0x2 bytes), align: 1
  Segment part 8.             Intra module refs:   ?EPILOGUE_B9_L09
           ENTRY                   ADDRESS         REF BY
           =====                   =======         ======
           ?EPILOGUE_B8_L09        0000244A        ?Subroutine36 (stepper)
                                                   eMBRTUReceive (mbrtu)
    -------------------------------------------------------------------------
CODE
  Relative segment, address: CODE 0000244C - 0000244D (0x2 bytes), align: 1
  Segment part 9.             Intra module refs:   ?EPILOGUE_B8_L09
           ENTRY                   ADDRESS         REF BY
           =====                   =======         ======
           ?EPILOGUE_B7_L09        0000244C 
    -------------------------------------------------------------------------
CODE
  Relative segment, address: CODE 0000244E - 0000244F (0x2 bytes), align: 1
  Segment part 10.            Intra module refs:   ?EPILOGUE_B7_L09
           ENTRY                   ADDRESS         REF BY
           =====                   =======         ======
           ?EPILOGUE_B6_L09        0000244E        ?Subroutine11 (eeprom)
                                                   calc_temperature (temp_conv)
                                                   eMBSetSlaveID (mbfuncother)
    -------------------------------------------------------------------------
CODE
  Relative segment, address: CODE 00002450 - 00002451 (0x2 bytes), align: 1
  Segment part 11.            Intra module refs:   ?EPILOGUE_B6_L09
           ENTRY                   ADDRESS         REF BY
           =====                   =======         ======
           ?EPILOGUE_B5_L09        00002450        eMBFuncReadCoils (mbfunccoils)
                                                   eMBFuncReadDiscreteInputs (mbfuncdisc)
                                                   eMBFuncReadHoldingRegister (mbfuncholding)
                                                   eMBFuncReadInputRegister (mbfuncinput)
                                                   eMBRTUInit (mbrtu)
    -------------------------------------------------------------------------
CODE
  Relative segment, address: CODE 00002452 - 00002453 (0x2 bytes), align: 1
  Segment part 12.            Intra module refs:   ?EPILOGUE_B5_L09
           ENTRY                   ADDRESS         REF BY
           =====                   =======         ======
           ?EPILOGUE_B4_L09        00002452        ?Subroutine10 (eeprom)
                                                   ?Subroutine3 (mb)
                                                   ?Subroutine32 (stepper)
                                                   Segment part 18 (mbrtu)
                                                   eMBFuncReportSlaveID (mbfuncother)
                                                   eMBFuncWriteCoil (mbfunccoils)
                                                   eMBRegHoldingCB (user_mb_app)
    -------------------------------------------------------------------------
CODE
  Relative segment, address: CODE 00002454 - 00002455 (0x2 bytes), align: 1
  Segment part 13.            Intra module refs:   ?EPILOGUE_B4_L09
           ENTRY                   ADDRESS         REF BY
           =====                   =======         ======
           ?EPILOGUE_B3_L09        00002454        xMBPortSerialInit (portserial)
    -------------------------------------------------------------------------
CODE
  Relative segment, address: CODE 00002456 - 00002457 (0x2 bytes), align: 1
  Segment part 14.            Intra module refs:   ?EPILOGUE_B3_L09
           ENTRY                   ADDRESS         REF BY
           =====                   =======         ======
           ?EPILOGUE_B2_L09        00002456 
    -------------------------------------------------------------------------
CODE
  Relative segment, address: CODE 00002458 - 00002459 (0x2 bytes), align: 1
  Segment part 15.            Intra module refs:   ?EPILOGUE_B2_L09
           ENTRY                   ADDRESS         REF BY
           =====                   =======         ======
           ?EPILOGUE_B1_L09        00002458 
    -------------------------------------------------------------------------
CODE
  Relative segment, address: CODE 0000245A - 00002463 (0xa bytes), align: 1
  Segment part 16.            Intra module refs:   ?EPILOGUE_B1_L09
           ENTRY                   ADDRESS         REF BY
           =====                   =======         ======
           ?EPILOGUE_B0_L09        0000245A 

    -------------------------------------------------------------------------
  LIBRARY MODULE, NAME : ?REGISTER_CGREGR4_L10

  SEGMENTS IN THE MODULE
  ======================
CODE
  Relative segment, address: CODE 00002464, align: 1
  Segment part 0.
           ENTRY                   ADDRESS         REF BY
           =====                   =======         ======
           ?Register_R4_is_cg_reg
                                   00002464        EEPROM_GetDWord (eeprom)
                                                   EEPROM_PutDWord (eeprom)
                                                   Rpm2Ocr (stepper)
                                                   ScrollingHandle (stepper)
                                                   calc_temperature (temp_conv)
                                                   eMBFuncReadCoils (mbfunccoils)
                                                   eMBFuncReadDiscreteInputs (mbfuncdisc)
                                                   eMBFuncReadHoldingRegister (mbfuncholding)
                                                   eMBFuncReadInputRegister (mbfuncinput)
                                                   eMBRTUInit (mbrtu)
                                                   eMBRTUReceive (mbrtu)
                                                   eMBRegCoilsCB (user_mb_app)
                                                   eMBRegDiscreteCB (user_mb_app)
                                                   eMBSetSlaveID (mbfuncother)

    -------------------------------------------------------------------------
  LIBRARY MODULE, NAME : ?REGISTER_CGREGR5_L10

  SEGMENTS IN THE MODULE
  ======================
CODE
  Relative segment, address: CODE 00002464, align: 1
  Segment part 0.
           ENTRY                   ADDRESS         REF BY
           =====                   =======         ======
           ?Register_R5_is_cg_reg
                                   00002464        EEPROM_GetDWord (eeprom)
                                                   EEPROM_PutDWord (eeprom)
                                                   Rpm2Ocr (stepper)
                                                   ScrollingHandle (stepper)
                                                   calc_temperature (temp_conv)
                                                   eMBRTUReceive (mbrtu)
                                                   eMBRegCoilsCB (user_mb_app)
                                                   eMBRegDiscreteCB (user_mb_app)
                                                   eMBSetSlaveID (mbfuncother)

    -------------------------------------------------------------------------
  LIBRARY MODULE, NAME : ?REGISTER_CGREGR6_L10

  SEGMENTS IN THE MODULE
  ======================
CODE
  Relative segment, address: CODE 00002464, align: 1
  Segment part 0.
           ENTRY                   ADDRESS         REF BY
           =====                   =======         ======
           ?Register_R6_is_cg_reg
                                   00002464        Rpm2Ocr (stepper)
                                                   ScrollingHandle (stepper)
                                                   eMBRTUReceive (mbrtu)
                                                   eMBRegCoilsCB (user_mb_app)
                                                   eMBRegDiscreteCB (user_mb_app)

    -------------------------------------------------------------------------
  LIBRARY MODULE, NAME : ?REGISTER_CGREGR7_L10

  SEGMENTS IN THE MODULE
  ======================
CODE
  Relative segment, address: CODE 00002464, align: 1
  Segment part 0.
           ENTRY                   ADDRESS         REF BY
           =====                   =======         ======
           ?Register_R7_is_cg_reg
                                   00002464        Rpm2Ocr (stepper)
                                                   ScrollingHandle (stepper)
                                                   eMBRTUReceive (mbrtu)
                                                   eMBRegCoilsCB (user_mb_app)
                                                   eMBRegDiscreteCB (user_mb_app)

    -------------------------------------------------------------------------
  LIBRARY MODULE, NAME : ?REGISTER_CGREGR8_L10

  SEGMENTS IN THE MODULE
  ======================
CODE
  Relative segment, address: CODE 00002464, align: 1
  Segment part 0.
           ENTRY                   ADDRESS         REF BY
           =====                   =======         ======
           ?Register_R8_is_cg_reg
                                   00002464        eMBRegCoilsCB (user_mb_app)
                                                   eMBRegDiscreteCB (user_mb_app)

    -------------------------------------------------------------------------
  LIBRARY MODULE, NAME : ?REGISTER_CGREGR10_L10

  SEGMENTS IN THE MODULE
  ======================
CODE
  Relative segment, address: CODE 00002464, align: 1
  Segment part 0.
           ENTRY                   ADDRESS         REF BY
           =====                   =======         ======
           ?Register_R10_is_cg_reg
                                   00002464        eMBRegCoilsCB (user_mb_app)
                                                   eMBRegDiscreteCB (user_mb_app)

    -------------------------------------------------------------------------
  LIBRARY MODULE, NAME : ?low_level_init

  SEGMENTS IN THE MODULE
  ======================
CODE
  Relative segment, address: CODE 00002464 - 00002467 (0x4 bytes), align: 1
  Segment part 3.
           ENTRY                   ADDRESS         REF BY
           =====                   =======         ======
           __low_level_init        00002464        ?call_low_level_init (?C_STARTUP)
               RSTACK = 00000000 ( 00000002 )

    -------------------------------------------------------------------------
  LIBRARY MODULE, NAME : ?memcpy

  SEGMENTS IN THE MODULE
  ======================
CODE
  Relative segment, address: CODE 00002468 - 00002485 (0x1e bytes), align: 1
  Segment part 3.
           ENTRY                   ADDRESS         REF BY
           =====                   =======         ======
           memcpy                  00002468        eMBFuncReportSlaveID (mbfuncother)
                                                   eMBSetSlaveID (mbfuncother)
               RSTACK = 00000000 ( 00000002 )

    -------------------------------------------------------------------------
  LIBRARY MODULE, NAME : ?segment_init

  SEGMENTS IN THE MODULE
  ======================
CODE
  Relative segment, address: CODE 00002486 - 0000248D (0x8 bytes), align: 1
  Segment part 3.             Intra module refs:   __segment_init
           LOCAL                   ADDRESS         
           =====                   =======         
           __memclr                00002486 
               RSTACK = 00000000 ( 00000002 )
    -------------------------------------------------------------------------
CODE
  Relative segment, address: CODE 0000248E - 00002495 (0x8 bytes), align: 1
  Segment part 4.             Intra module refs:   __segment_init
           LOCAL                   ADDRESS         
           =====                   =======         
           __flashcpy              0000248E 
               RSTACK = 00000000 ( 00000002 )
    -------------------------------------------------------------------------
CODE
  Relative segment, address: CODE 00002496 - 000024A1 (0xc bytes), align: 1
  Segment part 5.             Intra module refs:   __flashcpy
                                                   __memclr
    -------------------------------------------------------------------------
CODE
  Relative segment, address: CODE 000024A2 - 000024D5 (0x34 bytes), align: 1
  Segment part 6.
           ENTRY                   ADDRESS         REF BY
           =====                   =======         ======
           __segment_init          000024A2        ?need_segment_init (?C_STARTUP)
               calls direct
               RSTACK = 00000000 ( 00000002 )

    *************************************************************************

  DEFINED ABSOLUTE ENTRIES
  PROGRAM MODULE, NAME : ?FILLER_BYTES

  SEGMENTS IN THE MODULE
  ======================
INTVEC
  Common segment, address: CODE 00000000 - 00000053 (0x54 bytes), align: 0
  Segment part 1.
    -------------------------------------------------------------------------
?FILL1
  Relative segment, address: CODE 00000054 - 00000067 (0x14 bytes), align: 0
  Segment part 0.




                ****************************************
                *                                      *
                *            MODULE SUMMARY            *
                *                                      *
                ****************************************

Module               CODE      DATA
------               ----      ----
                    (Rel)  (Rel)  (Abs)
?C_STARTUP             36
?EPILOGUE_B_L09        32
?FILLER_BYTES          20
  + common             84
?FLOATS_L04           982
?L_EC_MUL_L03          64
?L_SHL_L03             16
?PROLOGUE_L09          24
?RESET
  + common              4
?SL_DIVMOD_L03         68
?SS_SHR_L02            12
?S_EC_MUL_L02          16
?S_SHL_L02             12
?UL_DIVMOD_L03         70
?UL_SHR_L03            16
?US_DIVMOD_L02         40
?US_SHR_L02            12
?__exit                 6
?low_level_init         4
?memcpy                30
?segment_init          80
eeprom                332      1      6
  + shared              6
func                   66             3
  + shared                            2
main                1 232     33      3
  + shared              6             6
mb                    555     63
mbcrc                 572
mbfunccoils           240
mbfuncdisc            140
mbfuncholding         186
mbfuncinput           126
mbfuncother           140     34
mbrtu                 594    264
mbutils               150
portevent              54      2
portserial            278             5
  + common             84
porttimer             190      2      5
  + common             32
stepper             1 990     46      8
  + common             48
systick               276     21      3
  + common             68
temp_conv             294
user_mb_app           512    112
N/A (command line)           320
N/A (alignment)
----------          -----    ---     --
Total:              9 479    898     41
  + common             84


                ****************************************
                *                                      *
                *      SEGMENTS IN ADDRESS ORDER       *
                *                                      *
                ****************************************


SEGMENT              SPACE    START ADDRESS   END ADDRESS     SIZE  TYPE  ALIGN
=======              =====    =============   ===========     ====  ====  =====
INTVEC               CODE          00000000 - 00000053          54   com    1
?FILL1               CODE          00000054 - 00000067          14   rel    0
NEAR_F               CODE          00000068 - 0000036D         306   rel    0
SWITCH               CODE               0000036E                     dse    0
INITTAB              CODE          0000036E - 00000379           C   rel    0
CODE                 CODE          0000037A - 000024D5        215C   rel    1
TINY_ID              CODE               000024D6                     dse    0
NEAR_ID              CODE          000024D6 - 0000255A          85   rel    0
ABSOLUTE             DATA               0000001F                     rel    0
                     DATA               00000020                   
                     DATA               00000021                   
                     DATA               00000022                   
                     DATA          00000023 - 0000002B           9 
                     DATA          00000037 - 00000037           1 
                     DATA          0000003F - 00000042           4 
                     DATA          00000045 - 00000046           2 
                     DATA          00000055 - 00000055           1 
                     DATA          00000057 - 00000057           1 
                     DATA          0000005F - 00000060           2 
                     DATA          0000006E - 00000070           3 
                     DATA          00000078 - 0000007A           3 
                     DATA          0000007C - 0000007C           1 
                     DATA          00000080 - 00000081           2 
                     DATA          00000084 - 00000085           2 
                     DATA          00000088 - 00000089           2 
                     DATA          000000B1 - 000000B3           3 
                     DATA          000000C1 - 000000C2           2 
                     DATA          000000C4 - 000000C6           3 
NEAR_I               DATA          00000100 - 00000184          85   rel    0
NEAR_Z               DATA          00000185 - 00000341         1BD   rel    0
RSTACK               DATA          00000342 - 00000381          40   dse    0
CSTACK               DATA          00000382 - 00000481         100   dse    0

                ****************************************
                *                                      *
                *        END OF CROSS REFERENCE        *
                *                                      *
                ****************************************

 9 543 bytes of CODE memory (+             20 range fill )
   898 bytes of DATA memory (+ 41 absolute )

Errors: none
Warnings: none

