################################################################################
#                                                                              #
#      IAR Universal Linker V5.3.2.26                                          #
#                                                                              #
#           Link time     =  27/Jan/2017  15:13:13                             #
#           Target CPU    =  A90                                               #
#           List file     =  Z:\Dropbox\Projects\Ventmatika\Stepper\software\I #
#                            AR\ATMEGA16\List\Stepper_Control.map              #
#           Output file 1 =  Z:\Dropbox\Projects\Ventmatika\Stepper\software\I #
#                            AR\ATMEGA16\Exe\Stepper_Control.flash.hex         #
#                            Format: intel-standard, variant: -y(CODE)         #
#           Output file 2 =  Z:\Dropbox\Projects\Ventmatika\Stepper\software\I #
#                            AR\ATMEGA16\Exe\Stepper_Control.eeprom.hex        #
#                            Format: intel-standard, variant: -y(XDATA)        #
#           Output file 3 =  Z:\Dropbox\Projects\Ventmatika\Stepper\software\I #
#                            AR\ATMEGA16\Exe\Stepper_Control.d90               #
#                            Format: debug                                     #
#                            UBROF version 10.0.6                              #
#                            Using library modules for C-SPY (-rt)             #
#           Command line  =  -Ointel-standard,(CODE)=.flash.hex                #
#                            -Ointel-standard,(XDATA)=.eeprom.hex              #
#                            Z:\Dropbox\Projects\Ventmatika\Stepper\software\I #
#                            AR\ATMEGA16\Obj\eeprom.r90                        #
#                            Z:\Dropbox\Projects\Ventmatika\Stepper\software\I #
#                            AR\ATMEGA16\Obj\func.r90                          #
#                            Z:\Dropbox\Projects\Ventmatika\Stepper\software\I #
#                            AR\ATMEGA16\Obj\interrupts.r90                    #
#                            Z:\Dropbox\Projects\Ventmatika\Stepper\software\I #
#                            AR\ATMEGA16\Obj\main.r90                          #
#                            Z:\Dropbox\Projects\Ventmatika\Stepper\software\I #
#                            AR\ATMEGA16\Obj\mb.r90                            #
#                            Z:\Dropbox\Projects\Ventmatika\Stepper\software\I #
#                            AR\ATMEGA16\Obj\mbcrc.r90                         #
#                            Z:\Dropbox\Projects\Ventmatika\Stepper\software\I #
#                            AR\ATMEGA16\Obj\mbfunccoils.r90                   #
#                            Z:\Dropbox\Projects\Ventmatika\Stepper\software\I #
#                            AR\ATMEGA16\Obj\mbfuncdiag.r90                    #
#                            Z:\Dropbox\Projects\Ventmatika\Stepper\software\I #
#                            AR\ATMEGA16\Obj\mbfuncdisc.r90                    #
#                            Z:\Dropbox\Projects\Ventmatika\Stepper\software\I #
#                            AR\ATMEGA16\Obj\mbfuncholding.r90                 #
#                            Z:\Dropbox\Projects\Ventmatika\Stepper\software\I #
#                            AR\ATMEGA16\Obj\mbfuncinput.r90                   #
#                            Z:\Dropbox\Projects\Ventmatika\Stepper\software\I #
#                            AR\ATMEGA16\Obj\mbfuncother.r90                   #
#                            Z:\Dropbox\Projects\Ventmatika\Stepper\software\I #
#                            AR\ATMEGA16\Obj\mbrtu.r90                         #
#                            Z:\Dropbox\Projects\Ventmatika\Stepper\software\I #
#                            AR\ATMEGA16\Obj\mbutils.r90                       #
#                            Z:\Dropbox\Projects\Ventmatika\Stepper\software\I #
#                            AR\ATMEGA16\Obj\portevent.r90                     #
#                            Z:\Dropbox\Projects\Ventmatika\Stepper\software\I #
#                            AR\ATMEGA16\Obj\portserial.r90                    #
#                            Z:\Dropbox\Projects\Ventmatika\Stepper\software\I #
#                            AR\ATMEGA16\Obj\porttimer.r90                     #
#                            Z:\Dropbox\Projects\Ventmatika\Stepper\software\I #
#                            AR\ATMEGA16\Obj\stepper.r90                       #
#                            Z:\Dropbox\Projects\Ventmatika\Stepper\software\I #
#                            AR\ATMEGA16\Obj\systick.r90                       #
#                            Z:\Dropbox\Projects\Ventmatika\Stepper\software\I #
#                            AR\ATMEGA16\Obj\temp_conv.r90                     #
#                            Z:\Dropbox\Projects\Ventmatika\Stepper\software\I #
#                            AR\ATMEGA16\Obj\user_mb_app.r90                   #
#                            -o                                                #
#                            Z:\Dropbox\Projects\Ventmatika\Stepper\software\I #
#                            AR\ATMEGA16\Exe\Stepper_Control.d90               #
#                            -l                                                #
#                            Z:\Dropbox\Projects\Ventmatika\Stepper\software\I #
#                            AR\ATMEGA16\List\Stepper_Control.map              #
#                            -xmsn                                             #
#                            "-IC:\Program Files\IAR Systems\Embedded Workbenc #
#                            h 6.0\avr\LIB\"                                   #
#                            -f                                                #
#                            "C:\Program Files\IAR Systems\Embedded Workbench  #
#                            6.0\avr\config\lnkm16s.xcl"                       #
#                            (-D_..X_CSTACK_SIZE=100 -D_..X_RSTACK_SIZE=40     #
#                            -D_..X_HEAP_SIZE=80 -D_..X_NEAR_HEAP_SIZE=80      #
#                            -ca90 -Z(CODE)INTVEC=0-53 -H1895 -h(CODE)0-53     #
#                            -Z(CODE)TINY_F=54-FF                              #
#                            -Z(CODE)NEAR_F,SWITCH,INITTAB,DIFUNCT=54-3FFF     #
#                            -Z(CODE)CODE=54-3FFF                              #
#                            -Z(CODE)TINY_ID,NEAR_ID=54-3FFF                   #
#                            -Z(CODE)CHECKSUM#3FFF                             #
#                            -Z(DATA)TINY_I,TINY_Z,TINY_N=60-FF                #
#                            -Z(DATA)NEAR_I,NEAR_Z=60-45F                      #
#                            -Z(DATA)RSTACK+_..X_RSTACK_SIZE=60-45F            #
#                            -Z(DATA)CSTACK+_..X_CSTACK_SIZE=60-45F            #
#                            -Z(DATA)HEAP+_..X_HEAP_SIZE=60-45F                #
#                            -Z(DATA)IOSTREAM_N#60-45F                         #
#                            -Z(DATA)NEAR_HEAP+_..X_NEAR_HEAP_SIZE=60-45F      #
#                            -Z(XDATA)EEPROM_I,EEPROM_N=0-1FF -w29) -rt -s     #
#                            __program_start                                   #
#                            "C:\Program Files\IAR Systems\Embedded Workbench  #
#                            6.0\avr\LIB\CLIB\cl3s-ec_mul-sf.r90"              #
#                                                                              #
#                           Copyright (C) 1987-2012 IAR Systems AB.            #
################################################################################





                ****************************************
                *                                      *
                *           CROSS REFERENCE            *
                *                                      *
                ****************************************

       Program entry at : CODE      00000000  Relocatable, from module : ?RESET




                ****************************************
                *                                      *
                *            RUNTIME MODEL             *
                *                                      *
                ****************************************

  R10             = REG
  R4              = REG
  R5              = REG
  R6              = REG
  R7              = REG
  R8              = REG
  __64bit_doubles = disabled
  __SystemLibrary = CLib
  __cpu           = 3
  __cpu_name      = ATmega16
  __enhanced_core = enabled
  __has_elpm      = false
  __memory_model  = 2
  __rt_version    = 3
  __tiny_avr      = false

                ****************************************
                *                                      *
                *    AUTOMATIC SYMBOL REDIRECTIONS     *
                *                                      *
                ****************************************

                  There are no automatic symbol redirections.



                ****************************************
                *                                      *
                *              MODULE MAP              *
                *                                      *
                ****************************************


  DEFINED ABSOLUTE ENTRIES
  PROGRAM MODULE, NAME : ?ABS_ENTRY_MOD

Absolute parts
           ENTRY                   ADDRESS         REF BY
           =====                   =======         ======
           _..X_NEAR_HEAP_SIZE     00000080 
           _..X_HEAP_SIZE          00000080 
           _..X_RSTACK_SIZE        00000040 
           _..X_CSTACK_SIZE        00000100 
    *************************************************************************

  FILE NAME : Z:\Dropbox\Projects\Ventmatika\Stepper\software\IAR\ATMEGA16\Obj\eeprom.r90
  PROGRAM MODULE, NAME : eeprom

  SEGMENTS IN THE MODULE
  ======================
ABSOLUTE
  Relative segment, address: DATA 0000005F - 0000005F (0x1 bytes), align: 0
  Segment part 1. ROOT.       Intra module refs:   SecureEeGet
                                                   SecureEePut
           ENTRY                   ADDRESS         REF BY
           =====                   =======         ======
           _A_SREG                 0000005F 
           LOCAL                   ADDRESS         
           =====                   =======         
           SREG                    0000005F 
    -------------------------------------------------------------------------
ABSOLUTE
  Relative segment, address: DATA 00000057 - 00000057 (0x1 bytes), align: 0
  Segment part 2. ROOT.       Intra module refs:   SecureEePut
           ENTRY                   ADDRESS         REF BY
           =====                   =======         ======
           _A_SPMCR                00000057 
           LOCAL                   ADDRESS         
           =====                   =======         
           SPMCR                   00000057 
    -------------------------------------------------------------------------
ABSOLUTE
  Relative segment, address: DATA 0000003E - 0000003F (0x2 bytes), align: 0
  Segment part 3. ROOT.       Intra module refs:   EEPROM_GetChar
                                                   EEPROM_PutChar
                                                   SecureEeGet
                                                   SecureEePut
           ENTRY                   ADDRESS         REF BY
           =====                   =======         ======
           _A_EEAR                 0000003E 
           LOCAL                   ADDRESS         
           =====                   =======         
           EEAR                    0000003E 
           EEARH                   0000003F 
           EEARL                   0000003E 
    -------------------------------------------------------------------------
ABSOLUTE
  Relative segment, address: DATA 0000003D - 0000003D (0x1 bytes), align: 0
  Segment part 4. ROOT.       Intra module refs:   EEPROM_GetChar
                                                   EEPROM_PutChar
                                                   SecureEeGet
                                                   SecureEePut
           ENTRY                   ADDRESS         REF BY
           =====                   =======         ======
           _A_EEDR                 0000003D 
           LOCAL                   ADDRESS         
           =====                   =======         
           EEDR                    0000003D 
    -------------------------------------------------------------------------
ABSOLUTE
  Relative segment, address: DATA 0000003C - 0000003C (0x1 bytes), align: 0
  Segment part 5. ROOT.       Intra module refs:   EEPROM_GetChar
                                                   EEPROM_PutChar
                                                   SecureEeGet
                                                   SecureEePut
           ENTRY                   ADDRESS         REF BY
           =====                   =======         ======
           _A_EECR                 0000003C 
           LOCAL                   ADDRESS         
           =====                   =======         
           EECR                    0000003C 
    -------------------------------------------------------------------------
NEAR_Z
  Relative segment, address: DATA 000000E5 - 000000E5 (0x1 bytes), align: 0
  Segment part 12.            Intra module refs:   ?Subroutine8
                                                   SecureEePut
                                                   Segment part 37
           ENTRY                   ADDRESS         REF BY
           =====                   =======         ======
           EeResult                000000E5 
    -------------------------------------------------------------------------
CODE
  Relative segment, address: CODE 00000366 - 00000373 (0xe bytes), align: 1
  Segment part 14.
           ENTRY                   ADDRESS         REF BY
           =====                   =======         ======
           EEPROM_GetChar          00000366        Segment part 41 (stepper)
                                                   Segment part 54 (main)
               RSTACK = 00000000 ( 00000002 )
    -------------------------------------------------------------------------
CODE
  Relative segment, address: CODE 00000374 - 0000037F (0xc bytes), align: 1
  Segment part 15.            Intra module refs:   EEPROM_GetChar
                                                   EEPROM_PutChar
           LOCAL                   ADDRESS         
           =====                   =======         
           ?Subroutine2            00000374 
    -------------------------------------------------------------------------
CODE
  Relative segment, address: CODE 00000380 - 000003B9 (0x3a bytes), align: 1
  Segment part 16.
           ENTRY                   ADDRESS         REF BY
           =====                   =======         ======
           EEPROM_PutChar          00000380        ?Subroutine25 (main)
                                                   HandleModbusCommands (main)
               RSTACK = 00000000 ( 00000002 )
    -------------------------------------------------------------------------
CODE
  Relative segment, address: CODE 000003BA - 000003C1 (0x8 bytes), align: 1
  Segment part 17.            Intra module refs:   EEPROM_PutChar
                                                   SecureEePut
           LOCAL                   ADDRESS         
           =====                   =======         
           ?Subroutine8            000003BA 
    -------------------------------------------------------------------------
CODE
  Relative segment, address: CODE 000003C2 - 000003D5 (0x14 bytes), align: 1
  Segment part 18.
           ENTRY                   ADDRESS         REF BY
           =====                   =======         ======
           EEPROM_GetWord          000003C2        ?Subroutine1 (stepper)
                                                   ?Subroutine14 (main)
                                                   ?Subroutine5 (stepper)
               calls direct
               CSTACK = 00000000 ( 00000004 )
               RSTACK = 00000000 ( 00000002 )
    -------------------------------------------------------------------------
CODE
  Relative segment, address: CODE 000003D6 - 000003DB (0x6 bytes), align: 1
  Segment part 19.            Intra module refs:   EEPROM_GetWord
                                                   EEPROM_PutWord
           LOCAL                   ADDRESS         
           =====                   =======         
           ?Subroutine10           000003D6 
    -------------------------------------------------------------------------
CODE
  Relative segment, address: CODE 000003DC - 000003EF (0x14 bytes), align: 1
  Segment part 20.
           ENTRY                   ADDRESS         REF BY
           =====                   =======         ======
           EEPROM_PutWord          000003DC        ?Subroutine22 (main)
               calls direct
               CSTACK = 00000000 ( 00000004 )
               RSTACK = 00000000 ( 00000002 )
    -------------------------------------------------------------------------
CODE
  Relative segment, address: CODE 000003F0 - 0000040F (0x20 bytes), align: 1
  Segment part 21.
           ENTRY                   ADDRESS         REF BY
           =====                   =======         ======
           EEPROM_GetDWord         000003F0        ?Subroutine4 (main)
               calls direct
               CSTACK = 00000000 ( 00000006 )
               RSTACK = 00000000 ( 00000002 )
    -------------------------------------------------------------------------
CODE
  Relative segment, address: CODE 00000410 - 00000415 (0x6 bytes), align: 1
  Segment part 22.            Intra module refs:   EEPROM_GetDWord
                                                   EEPROM_PutDWord
           LOCAL                   ADDRESS         
           =====                   =======         
           ?Subroutine11           00000410 
    -------------------------------------------------------------------------
CODE
  Relative segment, address: CODE 00000416 - 00000417 (0x2 bytes), align: 1
  Segment part 23.            Intra module refs:   EEPROM_GetDWord
                                                   EEPROM_GetWord
           LOCAL                   ADDRESS         
           =====                   =======         
           ?Subroutine4            00000416 
    -------------------------------------------------------------------------
CODE
  Relative segment, address: CODE 00000418 - 00000423 (0xc bytes), align: 1
  Segment part 24.            Intra module refs:   EEPROM_GetDWord
           LOCAL                   ADDRESS         
           =====                   =======         
           ?Subroutine0            00000418 
    -------------------------------------------------------------------------
CODE
  Relative segment, address: CODE 00000424 - 00000445 (0x22 bytes), align: 1
  Segment part 25.
           ENTRY                   ADDRESS         REF BY
           =====                   =======         ======
           EEPROM_PutDWord         00000424        ?Subroutine5 (main)
               calls direct
               CSTACK = 00000000 ( 00000006 )
               RSTACK = 00000000 ( 00000002 )
    -------------------------------------------------------------------------
CODE
  Relative segment, address: CODE 00000446 - 00000447 (0x2 bytes), align: 1
  Segment part 26.            Intra module refs:   EEPROM_PutDWord
                                                   EEPROM_PutWord
           LOCAL                   ADDRESS         
           =====                   =======         
           ?Subroutine5            00000446 
    -------------------------------------------------------------------------
CODE
  Relative segment, address: CODE 00000448 - 0000044D (0x6 bytes), align: 1
  Segment part 27.            Intra module refs:   EEPROM_GetDWord
                                                   EEPROM_PutDWord
           LOCAL                   ADDRESS         
           =====                   =======         
           ?Subroutine3            00000448 
    -------------------------------------------------------------------------
CODE
  Relative segment, address: CODE 0000044E - 0000044F (0x2 bytes), align: 1
  Segment part 28.            Intra module refs:   EEPROM_PutDWord
           LOCAL                   ADDRESS         
           =====                   =======         
           ?Subroutine1            0000044E 
    -------------------------------------------------------------------------
CODE
  Relative segment, address: CODE 00000450 - 00000459 (0xa bytes), align: 1
  Segment part 29.            Intra module refs:   ?Subroutine1
                                                   ?Subroutine3
           LOCAL                   ADDRESS         
           =====                   =======         
           ?Subroutine7            00000450 
    -------------------------------------------------------------------------
CODE
  Relative segment, address: CODE 0000045A - 00000483 (0x2a bytes), align: 1
  Segment part 33.            Intra module refs:   ?Subroutine1
                                                   ?Subroutine5
           LOCAL                   ADDRESS         
           =====                   =======         
           SecureEePut             0000045A 
               RSTACK = 00000000 ( 00000002 )
    -------------------------------------------------------------------------
CODE
  Relative segment, address: CODE 00000484 - 00000487 (0x4 bytes), align: 1
  Segment part 34.            Intra module refs:   SecureEeGet
                                                   SecureEePut
           LOCAL                   ADDRESS         
           =====                   =======         
           ?Subroutine9            00000484 
    -------------------------------------------------------------------------
CODE
  Relative segment, address: CODE 00000488 - 000004A9 (0x22 bytes), align: 1
  Segment part 35.            Intra module refs:   ?Subroutine0
                                                   ?Subroutine4
           LOCAL                   ADDRESS         
           =====                   =======         
           SecureEeGet             00000488 
               RSTACK = 00000000 ( 00000002 )
    -------------------------------------------------------------------------
CODE
  Relative segment, address: CODE 000004AA - 000004AB (0x2 bytes), align: 1
  Segment part 36.            Intra module refs:   EEPROM_GetChar
                                                   SecureEeGet
           LOCAL                   ADDRESS         
           =====                   =======         
           ?Subroutine6            000004AA 
    -------------------------------------------------------------------------
CODE
  Relative segment, address: CODE 000004AC - 000004B1 (0x6 bytes), align: 1
  Segment part 37.            Intra module refs:   ?Subroutine6
                                                   EEPROM_GetChar
                                                   SecureEeGet
    -------------------------------------------------------------------------
ABSOLUTE
  Relative segment, address: DATA 0000001C, align: 0
  Segment part 6. ROOT.
           ENTRY                   ADDRESS         REF BY
           =====                   =======         ======
           __?EECR                 0000001C 
    -------------------------------------------------------------------------
ABSOLUTE
  Relative segment, address: DATA 0000001D, align: 0
  Segment part 7. ROOT.
           ENTRY                   ADDRESS         REF BY
           =====                   =======         ======
           __?EEDR                 0000001D 
    -------------------------------------------------------------------------
ABSOLUTE
  Relative segment, address: DATA 0000001E, align: 0
  Segment part 8. ROOT.
           ENTRY                   ADDRESS         REF BY
           =====                   =======         ======
           __?EEARL                0000001E 
    -------------------------------------------------------------------------
ABSOLUTE
  Relative segment, address: DATA 0000001F, align: 0
  Segment part 9. ROOT.
           ENTRY                   ADDRESS         REF BY
           =====                   =======         ======
           __?EEARH                0000001F 
    -------------------------------------------------------------------------
INITTAB
  Relative segment, address: CODE 0000035A - 0000035F (0x6 bytes), align: 0
  Segment part 13.            Intra module refs:   EeResult
                                                   Segment part 10 (user_mb_app)
                                                   Segment part 7 (user_mb_app)
                                                   Segment part 9 (user_mb_app)
                                                   TMR_OVF_Handler::_A_delay (systick)
                                                   eQueuedEvent (portevent)
                                                   eRcvState (mbrtu)
                                                   main::delay (main)
                                                   qqq (main)
                                                   ucMBSlaveID (mbfuncother)
                                                   ucRTUBuf (mbrtu)
                                                   usSRegHoldBuf (user_mb_app)
                                                   usSRegHoldStart (user_mb_app)
                                                   usTimerOCRDelta (porttimer)
           ENTRY                   ADDRESS         REF BY
           =====                   =======         ======
           ?<Segment init: NEAR_Z>
                                   0000035A 

    *************************************************************************

  FILE NAME : Z:\Dropbox\Projects\Ventmatika\Stepper\software\IAR\ATMEGA16\Obj\func.r90
  PROGRAM MODULE, NAME : func

  SEGMENTS IN THE MODULE
  ======================
ABSOLUTE
  Relative segment, address: DATA 00000041 - 00000041 (0x1 bytes), align: 0
  Segment part 1. ROOT.       Intra module refs:   WDT_on
           ENTRY                   ADDRESS         REF BY
           =====                   =======         ======
           _A_WDTCR                00000041 
           LOCAL                   ADDRESS         
           =====                   =======         
           WDTCR                   00000041 
    -------------------------------------------------------------------------
ABSOLUTE
  Relative segment, address: DATA 00000027 - 00000027 (0x1 bytes), align: 0
  Segment part 2. ROOT.       Intra module refs:   ReadADC
                                                   ReadAnalogPins (stepper)
                                                   StepperInit (stepper)
           ENTRY                   ADDRESS         REF BY
           =====                   =======         ======
           _A_ADMUX                00000027 
           LOCAL                   ADDRESS         
           =====                   =======         
           ADMUX                   00000027 
    -------------------------------------------------------------------------
ABSOLUTE
  Relative segment, address: DATA 00000026 - 00000026 (0x1 bytes), align: 0
  Segment part 3. ROOT.       Intra module refs:   ReadADC
                                                   StepperInit (stepper)
           ENTRY                   ADDRESS         REF BY
           =====                   =======         ======
           _A_ADCSRA               00000026 
           LOCAL                   ADDRESS         
           =====                   =======         
           ADCSRA                  00000026 
    -------------------------------------------------------------------------
ABSOLUTE
  Relative segment, address: DATA 00000024 - 00000025 (0x2 bytes), align: 0
  Segment part 4. ROOT.       Intra module refs:   ReadADC
           ENTRY                   ADDRESS         REF BY
           =====                   =======         ======
           _A_ADC                  00000024 
           LOCAL                   ADDRESS         
           =====                   =======         
           ADC                     00000024 
           ADCH                    00000025 
           ADCL                    00000024 
    -------------------------------------------------------------------------
CODE
  Relative segment, address: CODE 000004B2 - 000004C3 (0x12 bytes), align: 1
  Segment part 11.
           ENTRY                   ADDRESS         REF BY
           =====                   =======         ======
           WDT_on                  000004B2        MCU_Init (main)
               RSTACK = 00000000 ( 00000002 )
    -------------------------------------------------------------------------
CODE
  Relative segment, address: CODE 000004C4 - 000004D7 (0x14 bytes), align: 1
  Segment part 13.
           ENTRY                   ADDRESS         REF BY
           =====                   =======         ======
           ReadADC                 000004C4        ?Subroutine4 (stepper)
                                                   Segment part 36 (stepper)
               RSTACK = 00000000 ( 00000002 )

    *************************************************************************

  FILE NAME : Z:\Dropbox\Projects\Ventmatika\Stepper\software\IAR\ATMEGA16\Obj\interrupts.r90
    *************************************************************************

  FILE NAME : Z:\Dropbox\Projects\Ventmatika\Stepper\software\IAR\ATMEGA16\Obj\main.r90
  PROGRAM MODULE, NAME : main

  SEGMENTS IN THE MODULE
  ======================
ABSOLUTE
  Relative segment, address: DATA 00000059 - 00000059 (0x1 bytes), align: 0
  Segment part 1. ROOT.       Intra module refs:   MCU_Init
                                                   MotorStart (stepper)
                                                   StepperInit (stepper)
                                                   StopClockTimer (stepper)
                                                   SysTickInit (systick)
                                                   vMBPortTimersDisable (porttimer)
                                                   vMBPortTimersEnable (porttimer)
           ENTRY                   ADDRESS         REF BY
           =====                   =======         ======
           _A_TIMSK                00000059 
           LOCAL                   ADDRESS         
           =====                   =======         
           TIMSK                   00000059 
    -------------------------------------------------------------------------
ABSOLUTE
  Relative segment, address: DATA 00000055 - 00000055 (0x1 bytes), align: 0
  Segment part 2. ROOT.       Intra module refs:   MCU_Init
           ENTRY                   ADDRESS         REF BY
           =====                   =======         ======
           _A_MCUCR                00000055 
           LOCAL                   ADDRESS         
           =====                   =======         
           MCUCR                   00000055 
    -------------------------------------------------------------------------
ABSOLUTE
  Relative segment, address: DATA 00000038 - 00000038 (0x1 bytes), align: 0
  Segment part 3. ROOT.       Intra module refs:   MCU_Init
                                                   TMR_COMPA_Handler (stepper)
                                                   USART_TXC_Handler (portserial)
                                                   main
                                                   vMBPortSerialEnable (portserial)
                                                   xMBPortSerialInit (portserial)
           ENTRY                   ADDRESS         REF BY
           =====                   =======         ======
           _A_PORTB                00000038 
           LOCAL                   ADDRESS         
           =====                   =======         
           PORTB                   00000038 
    -------------------------------------------------------------------------
ABSOLUTE
  Relative segment, address: DATA 00000037 - 00000037 (0x1 bytes), align: 0
  Segment part 4. ROOT.       Intra module refs:   MCU_Init
                                                   xMBPortSerialInit (portserial)
           ENTRY                   ADDRESS         REF BY
           =====                   =======         ======
           _A_DDRB                 00000037 
           LOCAL                   ADDRESS         
           =====                   =======         
           DDRB                    00000037 
    -------------------------------------------------------------------------
ABSOLUTE
  Relative segment, address: DATA 00000035 - 00000035 (0x1 bytes), align: 0
  Segment part 5. ROOT.       Intra module refs:   HallSensorHandle (stepper)
                                                   LedsHandle (stepper)
                                                   MCU_Init
                                                   StepperInit (stepper)
           ENTRY                   ADDRESS         REF BY
           =====                   =======         ======
           _A_PORTC                00000035 
           LOCAL                   ADDRESS         
           =====                   =======         
           PORTC                   00000035 
    -------------------------------------------------------------------------
ABSOLUTE
  Relative segment, address: DATA 00000034 - 00000034 (0x1 bytes), align: 0
  Segment part 6. ROOT.       Intra module refs:   MCU_Init
           ENTRY                   ADDRESS         REF BY
           =====                   =======         ======
           _A_DDRC                 00000034 
           LOCAL                   ADDRESS         
           =====                   =======         
           DDRC                    00000034 
    -------------------------------------------------------------------------
ABSOLUTE
  Relative segment, address: DATA 00000033 - 00000033 (0x1 bytes), align: 0
  Segment part 7. ROOT.       Intra module refs:   DipSwitchHandle (stepper)
                                                   HandleManualControl
           ENTRY                   ADDRESS         REF BY
           =====                   =======         ======
           _A_PINC                 00000033 
           LOCAL                   ADDRESS         
           =====                   =======         
           PINC                    00000033 
    -------------------------------------------------------------------------
ABSOLUTE
  Relative segment, address: DATA 00000032 - 00000032 (0x1 bytes), align: 0
  Segment part 8. ROOT.       Intra module refs:   HandleManualControl
                                                   HandleModbusCommands
                                                   LedsHandle (stepper)
                                                   MCU_Init
                                                   MotorStart (stepper)
                                                   MotorStop (stepper)
                                                   ScrollingHandle (stepper)
                                                   StepperInit (stepper)
           ENTRY                   ADDRESS         REF BY
           =====                   =======         ======
           _A_PORTD                00000032 
           LOCAL                   ADDRESS         
           =====                   =======         
           PORTD                   00000032 
    -------------------------------------------------------------------------
ABSOLUTE
  Relative segment, address: DATA 00000031 - 00000031 (0x1 bytes), align: 0
  Segment part 9. ROOT.       Intra module refs:   MCU_Init
           ENTRY                   ADDRESS         REF BY
           =====                   =======         ======
           _A_DDRD                 00000031 
           LOCAL                   ADDRESS         
           =====                   =======         
           DDRD                    00000031 
    -------------------------------------------------------------------------
NEAR_I
  Relative segment, address: DATA 00000060 - 00000077 (0x18 bytes), align: 0
  Segment part 16. ROOT.      Intra module refs:   main
           ENTRY                   ADDRESS         REF BY
           =====                   =======         ======
           ucID_buf                00000060 
    -------------------------------------------------------------------------
CODE
  Relative segment, address: CODE 000004D8 - 000006AF (0x1d8 bytes), align: 1
  Segment part 22.
           ENTRY                   ADDRESS         REF BY
           =====                   =======         ======
           main                    000004D8        ?cstartup_call_main (?C_STARTUP)
               calls direct
               RSTACK = 00000000 ( 00000002 )
    -------------------------------------------------------------------------
CODE
  Relative segment, address: CODE 000006B0 - 000006B1 (0x2 bytes), align: 1
  Segment part 23.            Intra module refs:   ?Subroutine8
                                                   main
           LOCAL                   ADDRESS         
           =====                   =======         
           ?Subroutine23           000006B0 
    -------------------------------------------------------------------------
CODE
  Relative segment, address: CODE 000006B2 - 000006B5 (0x4 bytes), align: 1
  Segment part 24.            Intra module refs:   ?Subroutine23
                                                   EE_DataInit
           LOCAL                   ADDRESS         
           =====                   =======         
           ?Subroutine25           000006B2 
    -------------------------------------------------------------------------
CODE
  Relative segment, address: CODE 000006B6 - 000006B9 (0x4 bytes), align: 1
  Segment part 25.            Intra module refs:   main
           LOCAL                   ADDRESS         
           =====                   =======         
           ?Subroutine7            000006B6 
    -------------------------------------------------------------------------
CODE
  Relative segment, address: CODE 000006BA - 000006C1 (0x8 bytes), align: 1
  Segment part 26.            Intra module refs:   main
           LOCAL                   ADDRESS         
           =====                   =======         
           ?Subroutine2            000006BA 
    -------------------------------------------------------------------------
CODE
  Relative segment, address: CODE 000006C2 - 000006D1 (0x10 bytes), align: 1
  Segment part 27.            Intra module refs:   main
           LOCAL                   ADDRESS         
           =====                   =======         
           ?Subroutine1            000006C2 
    -------------------------------------------------------------------------
CODE
  Relative segment, address: CODE 000006D2 - 000006DB (0xa bytes), align: 1
  Segment part 28.            Intra module refs:   ?Subroutine1
                                                   main
           LOCAL                   ADDRESS         
           =====                   =======         
           ?Subroutine20           000006D2 
    -------------------------------------------------------------------------
NEAR_Z
  Relative segment, address: DATA 000000E6 - 000000EA (0x5 bytes), align: 0
  Segment part 19.            Intra module refs:   main
           LOCAL                   ADDRESS         
           =====                   =======         
           main::delay             000000E6 
           MbInitOk                000000EA 
    -------------------------------------------------------------------------
NEAR_Z
  Relative segment, address: DATA 000000EB - 000000EE (0x4 bytes), align: 0
  Segment part 21. ROOT.
           ENTRY                   ADDRESS         REF BY
           =====                   =======         ======
           qqq                     000000EB 
    -------------------------------------------------------------------------
CODE
  Relative segment, address: CODE 000006DC - 00000791 (0xb6 bytes), align: 1
  Segment part 29.            Intra module refs:   main
           LOCAL                   ADDRESS         
           =====                   =======         
           HandleModbusCommands    000006DC 
               calls direct and indirect
               CSTACK = 00000000 ( 00000002 )
               RSTACK = 00000000 ( 00000002 )
    -------------------------------------------------------------------------
CODE
  Relative segment, address: CODE 00000792 - 000007A5 (0x14 bytes), align: 1
  Segment part 30.            Intra module refs:   HandleModbusCommands
           LOCAL                   ADDRESS         
           =====                   =======         
           ?Subroutine15           00000792 
    -------------------------------------------------------------------------
CODE
  Relative segment, address: CODE 000007A6 - 000007AB (0x6 bytes), align: 1
  Segment part 31.            Intra module refs:   HandleModbusCommands
           LOCAL                   ADDRESS         
           =====                   =======         
           ?Subroutine11           000007A6 
    -------------------------------------------------------------------------
CODE
  Relative segment, address: CODE 000007AC - 000007B1 (0x6 bytes), align: 1
  Segment part 32.            Intra module refs:   ?Subroutine11
                                                   HandleModbusCommands
           LOCAL                   ADDRESS         
           =====                   =======         
           ?Subroutine19           000007AC 
    -------------------------------------------------------------------------
CODE
  Relative segment, address: CODE 000007B2 - 000007B5 (0x4 bytes), align: 1
  Segment part 33.            Intra module refs:   ?Subroutine18
                                                   ?Subroutine19
           LOCAL                   ADDRESS         
           =====                   =======         
           ?Subroutine26           000007B2 
    -------------------------------------------------------------------------
CODE
  Relative segment, address: CODE 000007B6 - 000007BF (0xa bytes), align: 1
  Segment part 34.            Intra module refs:   HandleModbusCommands
                                                   main
           LOCAL                   ADDRESS         
           =====                   =======         
           ?Subroutine6            000007B6 
    -------------------------------------------------------------------------
CODE
  Relative segment, address: CODE 000007C0 - 000007C5 (0x6 bytes), align: 1
  Segment part 35.            Intra module refs:   HandleManualControl
                                                   HandleModbusCommands
                                                   main
           LOCAL                   ADDRESS         
           =====                   =======         
           ?Subroutine3            000007C0 
    -------------------------------------------------------------------------
CODE
  Relative segment, address: CODE 000007C6 - 00000841 (0x7c bytes), align: 1
  Segment part 36.            Intra module refs:   main
           LOCAL                   ADDRESS         
           =====                   =======         
           HandleManualControl     000007C6 
               calls direct
               CSTACK = 00000000 ( 00000004 )
               RSTACK = 00000000 ( 00000002 )
    -------------------------------------------------------------------------
CODE
  Relative segment, address: CODE 00000842 - 00000851 (0x10 bytes), align: 1
  Segment part 37.            Intra module refs:   HandleManualControl
                                                   HandleModbusCommands
           LOCAL                   ADDRESS         
           =====                   =======         
           ?Subroutine17           00000842 
    -------------------------------------------------------------------------
CODE
  Relative segment, address: CODE 00000852 - 00000855 (0x4 bytes), align: 1
  Segment part 38.            Intra module refs:   HandleManualControl
                                                   main
           LOCAL                   ADDRESS         
           =====                   =======         
           ?Subroutine16           00000852 
    -------------------------------------------------------------------------
CODE
  Relative segment, address: CODE 00000856 - 00000857 (0x2 bytes), align: 1
  Segment part 39.            Intra module refs:   HandleManualControl
                                                   HandleModbusCommands
           LOCAL                   ADDRESS         
           =====                   =======         
           ?Subroutine12           00000856 
    -------------------------------------------------------------------------
CODE
  Relative segment, address: CODE 00000858 - 0000085F (0x8 bytes), align: 1
  Segment part 40.            Intra module refs:   ?Subroutine12
                                                   HandleModbusCommands
           LOCAL                   ADDRESS         
           =====                   =======         
           ?Subroutine21           00000858 
    -------------------------------------------------------------------------
CODE
  Relative segment, address: CODE 00000860 - 00000869 (0xa bytes), align: 1
  Segment part 41.            Intra module refs:   HandleManualControl
                                                   HandleModbusCommands
           LOCAL                   ADDRESS         
           =====                   =======         
           ?Subroutine10           00000860 
    -------------------------------------------------------------------------
CODE
  Relative segment, address: CODE 0000086A - 00000871 (0x8 bytes), align: 1
  Segment part 42.            Intra module refs:   ?Subroutine10
                                                   main
           LOCAL                   ADDRESS         
           =====                   =======         
           ?Subroutine18           0000086A 
    -------------------------------------------------------------------------
CODE
  Relative segment, address: CODE 00000872 - 000008A5 (0x34 bytes), align: 1
  Segment part 43.            Intra module refs:   main
           LOCAL                   ADDRESS         
           =====                   =======         
           MCU_Init                00000872 
               calls direct
               RSTACK = 00000000 ( 00000002 )
    -------------------------------------------------------------------------
CODE
  Relative segment, address: CODE 000008A6 - 00000951 (0xac bytes), align: 1
  Segment part 44.            Intra module refs:   main
           LOCAL                   ADDRESS         
           =====                   =======         
           EE_DataInit             000008A6 
               calls direct
               RSTACK = 00000000 ( 00000002 )
    -------------------------------------------------------------------------
CODE
  Relative segment, address: CODE 00000952 - 00000959 (0x8 bytes), align: 1
  Segment part 45.            Intra module refs:   EE_DataInit
                                                   main
           LOCAL                   ADDRESS         
           =====                   =======         
           ?Subroutine14           00000952 
    -------------------------------------------------------------------------
CODE
  Relative segment, address: CODE 0000095A - 0000095D (0x4 bytes), align: 1
  Segment part 46.            Intra module refs:   EE_DataInit
           LOCAL                   ADDRESS         
           =====                   =======         
           ?Subroutine9            0000095A 
    -------------------------------------------------------------------------
CODE
  Relative segment, address: CODE 0000095E - 00000963 (0x6 bytes), align: 1
  Segment part 47.            Intra module refs:   ?Subroutine9
                                                   main
           LOCAL                   ADDRESS         
           =====                   =======         
           ?Subroutine22           0000095E 
    -------------------------------------------------------------------------
CODE
  Relative segment, address: CODE 00000964 - 00000965 (0x2 bytes), align: 1
  Segment part 48.            Intra module refs:   EE_DataInit
           LOCAL                   ADDRESS         
           =====                   =======         
           ?Subroutine8            00000964 
    -------------------------------------------------------------------------
CODE
  Relative segment, address: CODE 00000966 - 00000975 (0x10 bytes), align: 1
  Segment part 49.            Intra module refs:   ?Subroutine8
                                                   ?Subroutine9
                                                   EE_DataInit
           LOCAL                   ADDRESS         
           =====                   =======         
           ?Subroutine24           00000966 
    -------------------------------------------------------------------------
CODE
  Relative segment, address: CODE 00000976 - 0000097D (0x8 bytes), align: 1
  Segment part 50.            Intra module refs:   EE_DataInit
                                                   main
           LOCAL                   ADDRESS         
           =====                   =======         
           ?Subroutine5            00000976 
    -------------------------------------------------------------------------
CODE
  Relative segment, address: CODE 0000097E - 00000985 (0x8 bytes), align: 1
  Segment part 51.            Intra module refs:   EE_DataInit
                                                   main
           LOCAL                   ADDRESS         
           =====                   =======         
           ?Subroutine4            0000097E 
    -------------------------------------------------------------------------
CODE
  Relative segment, address: CODE 00000986 - 00000987 (0x2 bytes), align: 1
  Segment part 52.            Intra module refs:   EE_DataInit
                                                   main
           LOCAL                   ADDRESS         
           =====                   =======         
           ?Subroutine0            00000986 
    -------------------------------------------------------------------------
CODE
  Relative segment, address: CODE 00000988 - 00000989 (0x2 bytes), align: 1
  Segment part 53.            Intra module refs:   ?Subroutine0
                                                   EE_DataInit
                                                   main
    -------------------------------------------------------------------------
CODE
  Relative segment, address: CODE 0000098A - 0000098D (0x4 bytes), align: 1
  Segment part 54.            Intra module refs:   Segment part 53
                                                   main
    -------------------------------------------------------------------------
NEAR_ID
  Relative segment, address: CODE 00002416 - 0000242D (0x18 bytes), align: 0
  Segment part 17. ROOT.      Intra module refs:   ucID_buf
    -------------------------------------------------------------------------
INITTAB
  Relative segment, address: CODE 00000360 - 00000365 (0x6 bytes), align: 0
  Segment part 18.            Intra module refs:   ReadAnalogPins::channel (stepper)
                                                   Segment part 21 (stepper)
                                                   Segment part 7 (mb)
                                                   pMotorControl (stepper)
                                                   ucID_buf
           ENTRY                   ADDRESS         REF BY
           =====                   =======         ======
           ?<Segment init: NEAR_I>
                                   00000360 

    *************************************************************************

  FILE NAME : Z:\Dropbox\Projects\Ventmatika\Stepper\software\IAR\ATMEGA16\Obj\mb.r90
  PROGRAM MODULE, NAME : mb

  SEGMENTS IN THE MODULE
  ======================
CODE
  Relative segment, address: CODE 0000098E - 00000A13 (0x86 bytes), align: 1
  Segment part 13.
           ENTRY                   ADDRESS         REF BY
           =====                   =======         ======
           eMBInit                 0000098E        main (main)
               calls direct
               CSTACK = 00000000 ( 00000001 )
               RSTACK = 00000000 ( 00000002 )
    -------------------------------------------------------------------------
CODE
  Relative segment, address: CODE 00000A14 - 00000A19 (0x6 bytes), align: 1
  Segment part 14.            Intra module refs:   eMBClose
                                                   eMBInit
           LOCAL                   ADDRESS         
           =====                   =======         
           ?Subroutine2            00000A14 
    -------------------------------------------------------------------------
CODE
  Relative segment, address: CODE 00000A1A - 00000A3B (0x22 bytes), align: 1
  Segment part 15.
           ENTRY                   ADDRESS         REF BY
           =====                   =======         ======
           eMBClose                00000A1A        main (main)
               calls indirect
               CSTACK = 00000000 ( 00000001 )
               RSTACK = 00000000 ( 00000002 )
    -------------------------------------------------------------------------
CODE
  Relative segment, address: CODE 00000A3C - 00000A4F (0x14 bytes), align: 1
  Segment part 16.
           ENTRY                   ADDRESS         REF BY
           =====                   =======         ======
           eMBEnable               00000A3C        main (main)
               calls indirect
               CSTACK = 00000000 ( 00000004 )
               RSTACK = 00000000 ( 00000002 )
    -------------------------------------------------------------------------
CODE
  Relative segment, address: CODE 00000A50 - 00000A57 (0x8 bytes), align: 1
  Segment part 17.            Intra module refs:   eMBDisable
                                                   eMBEnable
           LOCAL                   ADDRESS         
           =====                   =======         
           ?Subroutine3            00000A50 
    -------------------------------------------------------------------------
CODE
  Relative segment, address: CODE 00000A58 - 00000A73 (0x1c bytes), align: 1
  Segment part 18.
           ENTRY                   ADDRESS         REF BY
           =====                   =======         ======
           eMBDisable              00000A58        main (main)
               calls indirect
               CSTACK = 00000000 ( 00000004 )
               RSTACK = 00000000 ( 00000002 )
    -------------------------------------------------------------------------
CODE
  Relative segment, address: CODE 00000A74 - 00000A7F (0xc bytes), align: 1
  Segment part 19.            Intra module refs:   eMBDisable
                                                   eMBEnable
           LOCAL                   ADDRESS         
           =====                   =======         
           ?Subroutine1            00000A74 
    -------------------------------------------------------------------------
CODE
  Relative segment, address: CODE 00000A80 - 00000A85 (0x6 bytes), align: 1
  Segment part 20.            Intra module refs:   eMBDisable
                                                   eMBEnable
                                                   eMBPoll
           LOCAL                   ADDRESS         
           =====                   =======         
           ?Subroutine0            00000A80 
    -------------------------------------------------------------------------
CODE
  Relative segment, address: CODE 00000A86 - 00000B79 (0xf4 bytes), align: 1
  Segment part 21.
           ENTRY                   ADDRESS         REF BY
           =====                   =======         ======
           eMBPoll                 00000A86        main (main)
               calls direct and indirect
               CSTACK = 00000000 ( 00000003 )
               RSTACK = 00000000 ( 00000004 )
    -------------------------------------------------------------------------
NEAR_I
  Relative segment, address: DATA 00000078 - 000000B6 (0x3f bytes), align: 0
  Segment part 7.             Intra module refs:   ?Subroutine1
                                                   eMBClose
                                                   eMBDisable
                                                   eMBEnable
                                                   eMBInit
                                                   eMBPoll
           ENTRY                   ADDRESS         REF BY
           =====                   =======         ======
           NewMbEvent              000000B3        HandleModbusCommands (main)
           pxMBFrameCBByteReceived
                                   000000A6        USART_Rec_Handler (portserial)
           pxMBFrameCBTransmitterEmpty
                                   000000A8        USART_RXC_Handler (portserial)
           pxMBPortCBTimerExpired
                                   000000AA        TMR2_COMP_Handler (porttimer)
           LOCAL                   ADDRESS         
           =====                   =======         
           eMBPoll::eException     000000B6 
           eMBPoll::ucFunctionCode
                                   000000B5 
           eMBPoll::ucMBFrame      000000AC 
           eMBPoll::ucRcvAddress   000000B4 
           eMBPoll::usLength       000000AE 
           eMBCurrentMode          000000B1 
           eMBState                000000B2 
           peMBFrameReceiveCur     000000A2 
           peMBFrameSendCur        0000009C 
           pvMBFrameCloseCur       000000A4 
           pvMBFrameStartCur       0000009E 
           pvMBFrameStopCur        000000A0 
           ucMBAddress             000000B0 
           xFuncHandlers           00000078 
    -------------------------------------------------------------------------
NEAR_ID
  Relative segment, address: CODE 0000242E - 0000246C (0x3f bytes), align: 0
  Segment part 8.             Intra module refs:   Segment part 7

    *************************************************************************

  FILE NAME : Z:\Dropbox\Projects\Ventmatika\Stepper\software\IAR\ATMEGA16\Obj\mbcrc.r90
  PROGRAM MODULE, NAME : mbcrc

  SEGMENTS IN THE MODULE
  ======================
NEAR_F
  Relative segment, address: CODE 00000054 - 00000253 (0x200 bytes), align: 0
  Segment part 7.             Intra module refs:   usMBCRC16
           LOCAL                   ADDRESS         
           =====                   =======         
           aucCRCHi                00000054 
           aucCRCLo                00000154 
    -------------------------------------------------------------------------
CODE
  Relative segment, address: CODE 00000B7A - 00000BB5 (0x3c bytes), align: 1
  Segment part 8.
           ENTRY                   ADDRESS         REF BY
           =====                   =======         ======
           usMBCRC16               00000B7A        eMBRTUReceive (mbrtu)
                                                   eMBRTUSend (mbrtu)
               RSTACK = 00000000 ( 00000002 )

    *************************************************************************

  FILE NAME : Z:\Dropbox\Projects\Ventmatika\Stepper\software\IAR\ATMEGA16\Obj\mbfunccoils.r90
  PROGRAM MODULE, NAME : mbfunccoils

  SEGMENTS IN THE MODULE
  ======================
CODE
  Relative segment, address: CODE 00000BB6 - 00000C31 (0x7c bytes), align: 1
  Segment part 7.
           ENTRY                   ADDRESS         REF BY
           =====                   =======         ======
           eMBFuncReadCoils        00000BB6        Segment part 8 (mb)
               calls direct
               CSTACK = 00000000 ( 00000006 )
               RSTACK = 00000000 ( 00000004 )
    -------------------------------------------------------------------------
CODE
  Relative segment, address: CODE 00000C32 - 00000C3F (0xe bytes), align: 1
  Segment part 8.             Intra module refs:   eMBFuncReadCoils
           LOCAL                   ADDRESS         
           =====                   =======         
           ?Subroutine0            00000C32 
    -------------------------------------------------------------------------
CODE
  Relative segment, address: CODE 00000C40 - 00000C9B (0x5c bytes), align: 1
  Segment part 9.
           ENTRY                   ADDRESS         REF BY
           =====                   =======         ======
           eMBFuncWriteCoil        00000C40        Segment part 8 (mb)
               calls direct
               CSTACK = 00000000 ( 00000006 )
               RSTACK = 00000000 ( 00000002 )
    -------------------------------------------------------------------------
CODE
  Relative segment, address: CODE 00000C9C - 00000CA5 (0xa bytes), align: 1
  Segment part 10.            Intra module refs:   eMBFuncReadCoils
                                                   eMBFuncWriteCoil
           LOCAL                   ADDRESS         
           =====                   =======         
           ?Subroutine1            00000C9C 

    *************************************************************************

  FILE NAME : Z:\Dropbox\Projects\Ventmatika\Stepper\software\IAR\ATMEGA16\Obj\mbfuncdiag.r90
    *************************************************************************

  FILE NAME : Z:\Dropbox\Projects\Ventmatika\Stepper\software\IAR\ATMEGA16\Obj\mbfuncdisc.r90
  PROGRAM MODULE, NAME : mbfuncdisc

  SEGMENTS IN THE MODULE
  ======================
CODE
  Relative segment, address: CODE 00000CA6 - 00000D23 (0x7e bytes), align: 1
  Segment part 7.
           ENTRY                   ADDRESS         REF BY
           =====                   =======         ======
           eMBFuncReadDiscreteInputs
                                   00000CA6        Segment part 8 (mb)
               calls direct
               CSTACK = 00000000 ( 00000006 )
               RSTACK = 00000000 ( 00000004 )
    -------------------------------------------------------------------------
CODE
  Relative segment, address: CODE 00000D24 - 00000D31 (0xe bytes), align: 1
  Segment part 8.             Intra module refs:   eMBFuncReadDiscreteInputs
           LOCAL                   ADDRESS         
           =====                   =======         
           ?Subroutine0            00000D24 

    *************************************************************************

  FILE NAME : Z:\Dropbox\Projects\Ventmatika\Stepper\software\IAR\ATMEGA16\Obj\mbfuncholding.r90
  PROGRAM MODULE, NAME : mbfuncholding

  SEGMENTS IN THE MODULE
  ======================
CODE
  Relative segment, address: CODE 00000D32 - 00000D6D (0x3c bytes), align: 1
  Segment part 7.
           ENTRY                   ADDRESS         REF BY
           =====                   =======         ======
           eMBFuncWriteHoldingRegister
                                   00000D32        Segment part 8 (mb)
               calls direct
               CSTACK = 00000000 ( 00000001 )
               RSTACK = 00000000 ( 00000002 )
    -------------------------------------------------------------------------
CODE
  Relative segment, address: CODE 00000D6E - 00000DDB (0x6e bytes), align: 1
  Segment part 8.
           ENTRY                   ADDRESS         REF BY
           =====                   =======         ======
           eMBFuncReadHoldingRegister
                                   00000D6E        Segment part 8 (mb)
               calls direct
               CSTACK = 00000000 ( 00000005 )
               RSTACK = 00000000 ( 00000002 )
    -------------------------------------------------------------------------
CODE
  Relative segment, address: CODE 00000DDC - 00000DEB (0x10 bytes), align: 1
  Segment part 9.             Intra module refs:   eMBFuncReadHoldingRegister
           LOCAL                   ADDRESS         
           =====                   =======         
           ?Subroutine0            00000DDC 

    *************************************************************************

  FILE NAME : Z:\Dropbox\Projects\Ventmatika\Stepper\software\IAR\ATMEGA16\Obj\mbfuncinput.r90
  PROGRAM MODULE, NAME : mbfuncinput

  SEGMENTS IN THE MODULE
  ======================
CODE
  Relative segment, address: CODE 00000DEC - 00000E59 (0x6e bytes), align: 1
  Segment part 7.
           ENTRY                   ADDRESS         REF BY
           =====                   =======         ======
           eMBFuncReadInputRegister
                                   00000DEC        Segment part 8 (mb)
               calls direct
               CSTACK = 00000000 ( 00000005 )
               RSTACK = 00000000 ( 00000002 )
    -------------------------------------------------------------------------
CODE
  Relative segment, address: CODE 00000E5A - 00000E69 (0x10 bytes), align: 1
  Segment part 8.             Intra module refs:   eMBFuncReadInputRegister
           LOCAL                   ADDRESS         
           =====                   =======         
           ?Subroutine0            00000E5A 

    *************************************************************************

  FILE NAME : Z:\Dropbox\Projects\Ventmatika\Stepper\software\IAR\ATMEGA16\Obj\mbfuncother.r90
  PROGRAM MODULE, NAME : mbfuncother

  SEGMENTS IN THE MODULE
  ======================
NEAR_Z
  Relative segment, address: DATA 000000EF - 00000110 (0x22 bytes), align: 0
  Segment part 7.             Intra module refs:   eMBFuncReportSlaveID
                                                   eMBSetSlaveID
           LOCAL                   ADDRESS         
           =====                   =======         
           ucMBSlaveID             000000EF 
           usMBSlaveIDLen          0000010F 
    -------------------------------------------------------------------------
CODE
  Relative segment, address: CODE 00000E6A - 00000ECB (0x62 bytes), align: 1
  Segment part 9.
           ENTRY                   ADDRESS         REF BY
           =====                   =======         ======
           eMBSetSlaveID           00000E6A        main (main)
               calls direct
               CSTACK = 00000000 ( 00000006 )
               RSTACK = 00000000 ( 00000002 )
    -------------------------------------------------------------------------
CODE
  Relative segment, address: CODE 00000ECC - 00000EF5 (0x2a bytes), align: 1
  Segment part 10.
           ENTRY                   ADDRESS         REF BY
           =====                   =======         ======
           eMBFuncReportSlaveID    00000ECC        Segment part 8 (mb)
               calls direct
               CSTACK = 00000000 ( 00000004 )
               RSTACK = 00000000 ( 00000002 )

    *************************************************************************

  FILE NAME : Z:\Dropbox\Projects\Ventmatika\Stepper\software\IAR\ATMEGA16\Obj\mbrtu.r90
  PROGRAM MODULE, NAME : mbrtu

  SEGMENTS IN THE MODULE
  ======================
NEAR_Z
  Relative segment, address: DATA 00000111 - 00000118 (0x8 bytes), align: 0
  Segment part 7.             Intra module refs:   ?Subroutine3
                                                   eMBRTUSend
                                                   eMBRTUStart
                                                   xMBRTUReceiveFSM
                                                   xMBRTUTimerT35Expired
                                                   xMBRTUTransmitFSM
           LOCAL                   ADDRESS         
           =====                   =======         
           eRcvState               00000118 
           eSndState               00000117 
           pucSndBufferCur         00000111 
           usRcvBufferPos          00000115 
           usSndBufferCount        00000113 
    -------------------------------------------------------------------------
NEAR_Z
  Relative segment, address: DATA 00000119 - 00000218 (0x100 bytes), align: 0
  Segment part 9.             Intra module refs:   ?Subroutine5
                                                   eMBRTUReceive
                                                   xMBRTUReceiveFSM
           ENTRY                   ADDRESS         REF BY
           =====                   =======         ======
           ucRTUBuf                00000119 
    -------------------------------------------------------------------------
CODE
  Relative segment, address: CODE 00000EF6 - 00000F4D (0x58 bytes), align: 1
  Segment part 10.
           ENTRY                   ADDRESS         REF BY
           =====                   =======         ======
           eMBRTUInit              00000EF6        eMBInit (mb)
               calls direct
               CSTACK = 00000000 ( 00000005 )
               RSTACK = 00000000 ( 00000004 )
    -------------------------------------------------------------------------
CODE
  Relative segment, address: CODE 00000F4E - 00000F5B (0xe bytes), align: 1
  Segment part 11.
           ENTRY                   ADDRESS         REF BY
           =====                   =======         ======
           eMBRTUStart             00000F4E        eMBInit (mb)
               calls direct
               RSTACK = 00000000 ( 00000002 )
    -------------------------------------------------------------------------
CODE
  Relative segment, address: CODE 00000F5C - 00000F5F (0x4 bytes), align: 1
  Segment part 12.            Intra module refs:   eMBRTUStart
                                                   eMBRTUStop
           LOCAL                   ADDRESS         
           =====                   =======         
           ?Subroutine7            00000F5C 
    -------------------------------------------------------------------------
CODE
  Relative segment, address: CODE 00000F60 - 00000F6B (0xc bytes), align: 1
  Segment part 13.
           ENTRY                   ADDRESS         REF BY
           =====                   =======         ======
           eMBRTUStop              00000F60        eMBInit (mb)
               calls direct
               RSTACK = 00000000 ( 00000002 )
    -------------------------------------------------------------------------
CODE
  Relative segment, address: CODE 00000F6C - 00000FBB (0x50 bytes), align: 1
  Segment part 14.
           ENTRY                   ADDRESS         REF BY
           =====                   =======         ======
           eMBRTUReceive           00000F6C        eMBInit (mb)
               calls direct
               CSTACK = 00000000 ( 00000008 )
               RSTACK = 00000000 ( 00000002 )
    -------------------------------------------------------------------------
CODE
  Relative segment, address: CODE 00000FBC - 00000FC5 (0xa bytes), align: 1
  Segment part 15.            Intra module refs:   eMBRTUReceive
           LOCAL                   ADDRESS         
           =====                   =======         
           ?Subroutine3            00000FBC 
    -------------------------------------------------------------------------
CODE
  Relative segment, address: CODE 00000FC6 - 00001023 (0x5e bytes), align: 1
  Segment part 16.
           ENTRY                   ADDRESS         REF BY
           =====                   =======         ======
           eMBRTUSend              00000FC6        eMBInit (mb)
               calls direct
               CSTACK = 00000000 ( 00000004 )
               RSTACK = 00000000 ( 00000002 )
    -------------------------------------------------------------------------
CODE
  Relative segment, address: CODE 00001024 - 00001025 (0x2 bytes), align: 1
  Segment part 17.            Intra module refs:   eMBRTUSend
                                                   xMBRTUTransmitFSM
           LOCAL                   ADDRESS         
           =====                   =======         
           ?Subroutine8            00001024 
    -------------------------------------------------------------------------
CODE
  Relative segment, address: CODE 00001026 - 0000102B (0x6 bytes), align: 1
  Segment part 18.            Intra module refs:   ?Subroutine8
                                                   xMBRTUReceiveFSM
    -------------------------------------------------------------------------
CODE
  Relative segment, address: CODE 0000102C - 00001043 (0x18 bytes), align: 1
  Segment part 19.            Intra module refs:   eMBRTUSend
           LOCAL                   ADDRESS         
           =====                   =======         
           ?Subroutine5            0000102C 
    -------------------------------------------------------------------------
CODE
  Relative segment, address: CODE 00001044 - 00001045 (0x2 bytes), align: 1
  Segment part 20.            Intra module refs:   eMBRTUSend
                                                   eMBRTUStop
           LOCAL                   ADDRESS         
           =====                   =======         
           ?Subroutine2            00001044 
    -------------------------------------------------------------------------
CODE
  Relative segment, address: CODE 00001046 - 00001049 (0x4 bytes), align: 1
  Segment part 21.            Intra module refs:   ?Subroutine0
                                                   ?Subroutine2
           LOCAL                   ADDRESS         
           =====                   =======         
           ?Subroutine9            00001046 
    -------------------------------------------------------------------------
CODE
  Relative segment, address: CODE 0000104A - 000010A1 (0x58 bytes), align: 1
  Segment part 22.
           ENTRY                   ADDRESS         REF BY
           =====                   =======         ======
           xMBRTUReceiveFSM        0000104A        eMBInit (mb)
               calls direct
               CSTACK = 00000000 ( 00000005 )
               RSTACK = 00000000 ( 00000002 )
    -------------------------------------------------------------------------
CODE
  Relative segment, address: CODE 000010A2 - 000010A5 (0x4 bytes), align: 1
  Segment part 23.            Intra module refs:   eMBRTUSend
                                                   xMBRTUReceiveFSM
                                                   xMBRTUTransmitFSM
           LOCAL                   ADDRESS         
           =====                   =======         
           ?Subroutine4            000010A2 
    -------------------------------------------------------------------------
CODE
  Relative segment, address: CODE 000010A6 - 000010B5 (0x10 bytes), align: 1
  Segment part 24.            Intra module refs:   xMBRTUReceiveFSM
           LOCAL                   ADDRESS         
           =====                   =======         
           ?Subroutine1            000010A6 
    -------------------------------------------------------------------------
CODE
  Relative segment, address: CODE 000010B6 - 0000110B (0x56 bytes), align: 1
  Segment part 25.
           ENTRY                   ADDRESS         REF BY
           =====                   =======         ======
           xMBRTUTransmitFSM       000010B6        eMBInit (mb)
               calls direct
               CSTACK = 00000000 ( 00000004 )
               RSTACK = 00000000 ( 00000002 )
    -------------------------------------------------------------------------
CODE
  Relative segment, address: CODE 0000110C - 00001113 (0x8 bytes), align: 1
  Segment part 26.            Intra module refs:   eMBRTUSend
                                                   xMBRTUTransmitFSM
           LOCAL                   ADDRESS         
           =====                   =======         
           ?Subroutine6            0000110C 
    -------------------------------------------------------------------------
CODE
  Relative segment, address: CODE 00001114 - 00001119 (0x6 bytes), align: 1
  Segment part 27.            Intra module refs:   eMBRTUStart
                                                   xMBRTUTransmitFSM
           LOCAL                   ADDRESS         
           =====                   =======         
           ?Subroutine0            00001114 
    -------------------------------------------------------------------------
CODE
  Relative segment, address: CODE 0000111A - 00001147 (0x2e bytes), align: 1
  Segment part 28.
           ENTRY                   ADDRESS         REF BY
           =====                   =======         ======
           xMBRTUTimerT35Expired   0000111A        eMBInit (mb)
               calls direct
               CSTACK = 00000000 ( 00000001 )
               RSTACK = 00000000 ( 00000002 )

    *************************************************************************

  FILE NAME : Z:\Dropbox\Projects\Ventmatika\Stepper\software\IAR\ATMEGA16\Obj\mbutils.r90
  PROGRAM MODULE, NAME : mbutils

  SEGMENTS IN THE MODULE
  ======================
CODE
  Relative segment, address: CODE 00001148 - 00001181 (0x3a bytes), align: 1
  Segment part 7.
           ENTRY                   ADDRESS         REF BY
           =====                   =======         ======
           xMBUtilSetBits          00001148        ?Subroutine21 (main)
                                                   ?Subroutine35 (stepper)
                                                   ?Subroutine6 (user_mb_app)
                                                   main (main)
               RSTACK = 00000000 ( 00000004 )
    -------------------------------------------------------------------------
CODE
  Relative segment, address: CODE 00001182 - 00001183 (0x2 bytes), align: 1
  Segment part 8.             Intra module refs:   xMBUtilSetBits
           LOCAL                   ADDRESS         
           =====                   =======         
           ?Subroutine2            00001182 
    -------------------------------------------------------------------------
CODE
  Relative segment, address: CODE 00001184 - 00001187 (0x4 bytes), align: 1
  Segment part 9.             Intra module refs:   ?Subroutine1
                                                   ?Subroutine2
           LOCAL                   ADDRESS         
           =====                   =======         
           ?Subroutine3            00001184 
    -------------------------------------------------------------------------
CODE
  Relative segment, address: CODE 00001188 - 000011B1 (0x2a bytes), align: 1
  Segment part 10.
           ENTRY                   ADDRESS         REF BY
           =====                   =======         ======
           xMBUtilGetBits          00001188        ?Subroutine26 (main)
                                                   ?Subroutine28 (stepper)
                                                   ?Subroutine5 (user_mb_app)
               RSTACK = 00000000 ( 00000004 )
    -------------------------------------------------------------------------
CODE
  Relative segment, address: CODE 000011B2 - 000011B7 (0x6 bytes), align: 1
[...]
           ?PROLOGUE2_L09          0000237E 
    -------------------------------------------------------------------------
CODE
  Relative segment, address: CODE 00002380 - 00002381 (0x2 bytes), align: 1
  Segment part 15.            Intra module refs:   ?PROLOGUE2_L09
           ENTRY                   ADDRESS         REF BY
           =====                   =======         ======
           ?PROLOGUE1_L09          00002380 
    -------------------------------------------------------------------------
CODE
  Relative segment, address: CODE 00002382 - 00002383 (0x2 bytes), align: 1
  Segment part 16.            Intra module refs:   ?PROLOGUE1_L09

    -------------------------------------------------------------------------
  LIBRARY MODULE, NAME : ?EPILOGUE_B_L09

  SEGMENTS IN THE MODULE
  ======================
CODE
  Relative segment, address: CODE 00002384 - 00002385 (0x2 bytes), align: 1
  Segment part 5.
           ENTRY                   ADDRESS         REF BY
           =====                   =======         ======
           ?EPILOGUE_B11_L09       00002384        ?Subroutine7 (user_mb_app)
    -------------------------------------------------------------------------
CODE
  Relative segment, address: CODE 00002386 - 00002387 (0x2 bytes), align: 1
  Segment part 6.             Intra module refs:   ?EPILOGUE_B11_L09
           ENTRY                   ADDRESS         REF BY
           =====                   =======         ======
           ?EPILOGUE_B10_L09       00002386 
    -------------------------------------------------------------------------
CODE
  Relative segment, address: CODE 00002388 - 00002389 (0x2 bytes), align: 1
  Segment part 7.             Intra module refs:   ?EPILOGUE_B10_L09
           ENTRY                   ADDRESS         REF BY
           =====                   =======         ======
           ?EPILOGUE_B9_L09        00002388 
    -------------------------------------------------------------------------
CODE
  Relative segment, address: CODE 0000238A - 0000238B (0x2 bytes), align: 1
  Segment part 8.             Intra module refs:   ?EPILOGUE_B9_L09
           ENTRY                   ADDRESS         REF BY
           =====                   =======         ======
           ?EPILOGUE_B8_L09        0000238A        ?Subroutine34 (stepper)
                                                   eMBRTUReceive (mbrtu)
    -------------------------------------------------------------------------
CODE
  Relative segment, address: CODE 0000238C - 0000238D (0x2 bytes), align: 1
  Segment part 9.             Intra module refs:   ?EPILOGUE_B8_L09
           ENTRY                   ADDRESS         REF BY
           =====                   =======         ======
           ?EPILOGUE_B7_L09        0000238C 
    -------------------------------------------------------------------------
CODE
  Relative segment, address: CODE 0000238E - 0000238F (0x2 bytes), align: 1
  Segment part 10.            Intra module refs:   ?EPILOGUE_B7_L09
           ENTRY                   ADDRESS         REF BY
           =====                   =======         ======
           ?EPILOGUE_B6_L09        0000238E        ?Subroutine11 (eeprom)
                                                   calc_temperature (temp_conv)
                                                   eMBSetSlaveID (mbfuncother)
    -------------------------------------------------------------------------
CODE
  Relative segment, address: CODE 00002390 - 00002391 (0x2 bytes), align: 1
  Segment part 11.            Intra module refs:   ?EPILOGUE_B6_L09
           ENTRY                   ADDRESS         REF BY
           =====                   =======         ======
           ?EPILOGUE_B5_L09        00002390        eMBFuncReadCoils (mbfunccoils)
                                                   eMBFuncReadDiscreteInputs (mbfuncdisc)
                                                   eMBFuncReadHoldingRegister (mbfuncholding)
                                                   eMBFuncReadInputRegister (mbfuncinput)
                                                   eMBRTUInit (mbrtu)
    -------------------------------------------------------------------------
CODE
  Relative segment, address: CODE 00002392 - 00002393 (0x2 bytes), align: 1
  Segment part 12.            Intra module refs:   ?EPILOGUE_B5_L09
           ENTRY                   ADDRESS         REF BY
           =====                   =======         ======
           ?EPILOGUE_B4_L09        00002392        ?Subroutine10 (eeprom)
                                                   ?Subroutine3 (mb)
                                                   ?Subroutine31 (stepper)
                                                   Segment part 18 (mbrtu)
                                                   eMBFuncReportSlaveID (mbfuncother)
                                                   eMBFuncWriteCoil (mbfunccoils)
                                                   eMBRegHoldingCB (user_mb_app)
    -------------------------------------------------------------------------
CODE
  Relative segment, address: CODE 00002394 - 00002395 (0x2 bytes), align: 1
  Segment part 13.            Intra module refs:   ?EPILOGUE_B4_L09
           ENTRY                   ADDRESS         REF BY
           =====                   =======         ======
           ?EPILOGUE_B3_L09        00002394 
    -------------------------------------------------------------------------
CODE
  Relative segment, address: CODE 00002396 - 00002397 (0x2 bytes), align: 1
  Segment part 14.            Intra module refs:   ?EPILOGUE_B3_L09
           ENTRY                   ADDRESS         REF BY
           =====                   =======         ======
           ?EPILOGUE_B2_L09        00002396 
    -------------------------------------------------------------------------
CODE
  Relative segment, address: CODE 00002398 - 00002399 (0x2 bytes), align: 1
  Segment part 15.            Intra module refs:   ?EPILOGUE_B2_L09
           ENTRY                   ADDRESS         REF BY
           =====                   =======         ======
           ?EPILOGUE_B1_L09        00002398 
    -------------------------------------------------------------------------
CODE
  Relative segment, address: CODE 0000239A - 000023A3 (0xa bytes), align: 1
  Segment part 16.            Intra module refs:   ?EPILOGUE_B1_L09
           ENTRY                   ADDRESS         REF BY
           =====                   =======         ======
           ?EPILOGUE_B0_L09        0000239A 

    -------------------------------------------------------------------------
  LIBRARY MODULE, NAME : ?REGISTER_CGREGR4_L10

  SEGMENTS IN THE MODULE
  ======================
CODE
  Relative segment, address: CODE 000023A4, align: 1
  Segment part 0.
           ENTRY                   ADDRESS         REF BY
           =====                   =======         ======
           ?Register_R4_is_cg_reg
                                   000023A4        EEPROM_GetDWord (eeprom)
                                                   EEPROM_PutDWord (eeprom)
                                                   Rpm2Ocr (stepper)
                                                   ScrollingHandle (stepper)
                                                   calc_temperature (temp_conv)
                                                   eMBFuncReadCoils (mbfunccoils)
                                                   eMBFuncReadDiscreteInputs (mbfuncdisc)
                                                   eMBFuncReadHoldingRegister (mbfuncholding)
                                                   eMBFuncReadInputRegister (mbfuncinput)
                                                   eMBRTUInit (mbrtu)
                                                   eMBRTUReceive (mbrtu)
                                                   eMBRegCoilsCB (user_mb_app)
                                                   eMBRegDiscreteCB (user_mb_app)
                                                   eMBSetSlaveID (mbfuncother)

    -------------------------------------------------------------------------
  LIBRARY MODULE, NAME : ?REGISTER_CGREGR5_L10

  SEGMENTS IN THE MODULE
  ======================
CODE
  Relative segment, address: CODE 000023A4, align: 1
  Segment part 0.
           ENTRY                   ADDRESS         REF BY
           =====                   =======         ======
           ?Register_R5_is_cg_reg
                                   000023A4        EEPROM_GetDWord (eeprom)
                                                   EEPROM_PutDWord (eeprom)
                                                   Rpm2Ocr (stepper)
                                                   ScrollingHandle (stepper)
                                                   calc_temperature (temp_conv)
                                                   eMBRTUReceive (mbrtu)
                                                   eMBRegCoilsCB (user_mb_app)
                                                   eMBRegDiscreteCB (user_mb_app)
                                                   eMBSetSlaveID (mbfuncother)

    -------------------------------------------------------------------------
  LIBRARY MODULE, NAME : ?REGISTER_CGREGR6_L10

  SEGMENTS IN THE MODULE
  ======================
CODE
  Relative segment, address: CODE 000023A4, align: 1
  Segment part 0.
           ENTRY                   ADDRESS         REF BY
           =====                   =======         ======
           ?Register_R6_is_cg_reg
                                   000023A4        Rpm2Ocr (stepper)
                                                   ScrollingHandle (stepper)
                                                   eMBRTUReceive (mbrtu)
                                                   eMBRegCoilsCB (user_mb_app)
                                                   eMBRegDiscreteCB (user_mb_app)

    -------------------------------------------------------------------------
  LIBRARY MODULE, NAME : ?REGISTER_CGREGR7_L10

  SEGMENTS IN THE MODULE
  ======================
CODE
  Relative segment, address: CODE 000023A4, align: 1
  Segment part 0.
           ENTRY                   ADDRESS         REF BY
           =====                   =======         ======
           ?Register_R7_is_cg_reg
                                   000023A4        Rpm2Ocr (stepper)
                                                   ScrollingHandle (stepper)
                                                   eMBRTUReceive (mbrtu)
                                                   eMBRegCoilsCB (user_mb_app)
                                                   eMBRegDiscreteCB (user_mb_app)

    -------------------------------------------------------------------------
  LIBRARY MODULE, NAME : ?REGISTER_CGREGR8_L10

  SEGMENTS IN THE MODULE
  ======================
CODE
  Relative segment, address: CODE 000023A4, align: 1
  Segment part 0.
           ENTRY                   ADDRESS         REF BY
           =====                   =======         ======
           ?Register_R8_is_cg_reg
                                   000023A4        eMBRegCoilsCB (user_mb_app)
                                                   eMBRegDiscreteCB (user_mb_app)

    -------------------------------------------------------------------------
  LIBRARY MODULE, NAME : ?REGISTER_CGREGR10_L10

  SEGMENTS IN THE MODULE
  ======================
CODE
  Relative segment, address: CODE 000023A4, align: 1
  Segment part 0.
           ENTRY                   ADDRESS         REF BY
           =====                   =======         ======
           ?Register_R10_is_cg_reg
                                   000023A4        eMBRegCoilsCB (user_mb_app)
                                                   eMBRegDiscreteCB (user_mb_app)

    -------------------------------------------------------------------------
  LIBRARY MODULE, NAME : ?low_level_init

  SEGMENTS IN THE MODULE
  ======================
CODE
  Relative segment, address: CODE 000023A4 - 000023A7 (0x4 bytes), align: 1
  Segment part 3.
           ENTRY                   ADDRESS         REF BY
           =====                   =======         ======
           __low_level_init        000023A4        ?call_low_level_init (?C_STARTUP)
               RSTACK = 00000000 ( 00000002 )

    -------------------------------------------------------------------------
  LIBRARY MODULE, NAME : ?memcpy

  SEGMENTS IN THE MODULE
  ======================
CODE
  Relative segment, address: CODE 000023A8 - 000023C5 (0x1e bytes), align: 1
  Segment part 3.
           ENTRY                   ADDRESS         REF BY
           =====                   =======         ======
           memcpy                  000023A8        eMBFuncReportSlaveID (mbfuncother)
                                                   eMBSetSlaveID (mbfuncother)
               RSTACK = 00000000 ( 00000002 )

    -------------------------------------------------------------------------
  LIBRARY MODULE, NAME : ?segment_init

  SEGMENTS IN THE MODULE
  ======================
CODE
  Relative segment, address: CODE 000023C6 - 000023CD (0x8 bytes), align: 1
  Segment part 3.             Intra module refs:   __segment_init
           LOCAL                   ADDRESS         
           =====                   =======         
           __memclr                000023C6 
               RSTACK = 00000000 ( 00000002 )
    -------------------------------------------------------------------------
CODE
  Relative segment, address: CODE 000023CE - 000023D5 (0x8 bytes), align: 1
  Segment part 4.             Intra module refs:   __segment_init
           LOCAL                   ADDRESS         
           =====                   =======         
           __flashcpy              000023CE 
               RSTACK = 00000000 ( 00000002 )
    -------------------------------------------------------------------------
CODE
  Relative segment, address: CODE 000023D6 - 000023E1 (0xc bytes), align: 1
  Segment part 5.             Intra module refs:   __flashcpy
                                                   __memclr
    -------------------------------------------------------------------------
CODE
  Relative segment, address: CODE 000023E2 - 00002415 (0x34 bytes), align: 1
  Segment part 6.
           ENTRY                   ADDRESS         REF BY
           =====                   =======         ======
           __segment_init          000023E2        ?need_segment_init (?C_STARTUP)
               calls direct
               RSTACK = 00000000 ( 00000002 )

    *************************************************************************

  DEFINED ABSOLUTE ENTRIES
  PROGRAM MODULE, NAME : ?FILLER_BYTES

  SEGMENTS IN THE MODULE
  ======================
INTVEC
  Common segment, address: CODE 00000000 - 00000037 (0x38 bytes), align: 0
  Segment part 1.
    -------------------------------------------------------------------------
?FILL1
  Relative segment, address: CODE 00000038 - 00000053 (0x1c bytes), align: 0
  Segment part 0.




                ****************************************
                *                                      *
                *            MODULE SUMMARY            *
                *                                      *
                ****************************************

Module               CODE      DATA
------               ----      ----
                    (Rel)  (Rel)  (Abs)
?C_STARTUP             36
?EPILOGUE_B_L09        32
?FILLER_BYTES          28
  + common             56
?FLOATS_L04           982
?L_EC_MUL_L03          64
?L_SHL_L03             16
?PROLOGUE_L09          24
?RESET
  + common              4
?SL_DIVMOD_L03         68
?SS_SHR_L02            12
?S_EC_MUL_L02          16
?S_SHL_L02             12
?UL_DIVMOD_L03         70
?UL_SHR_L03            16
?US_DIVMOD_L02         40
?US_SHR_L02            12
?__exit                 6
?low_level_init         4
?memcpy                30
?segment_init          80
eeprom                332      1      6
  + shared              6
func                   38             3
  + shared                            2
main                1 230     33      3
  + shared              6             6
mb                    555     63
mbcrc                 572
mbfunccoils           240
mbfuncdisc            140
mbfuncholding         186
mbfuncinput           126
mbfuncother           140     34
mbrtu                 594    264
mbutils               150
portevent              54      2
portserial            194             3
  + common             56
porttimer             172      2      4
  + common             16
stepper             1 954     46      8
  + common             28
systick               272     21      2
  + common             40
temp_conv             294
user_mb_app           512    112
N/A (command line)           320
N/A (alignment)
----------          -----    ---     --
Total:              9 315    898     37
  + common             56


                ****************************************
                *                                      *
                *      SEGMENTS IN ADDRESS ORDER       *
                *                                      *
                ****************************************


SEGMENT              SPACE    START ADDRESS   END ADDRESS     SIZE  TYPE  ALIGN
=======              =====    =============   ===========     ====  ====  =====
INTVEC               CODE          00000000 - 00000037          38   com    1
?FILL1               CODE          00000038 - 00000053          1C   rel    0
NEAR_F               CODE          00000054 - 00000359         306   rel    0
SWITCH               CODE               0000035A                     dse    0
INITTAB              CODE          0000035A - 00000365           C   rel    0
CODE                 CODE          00000366 - 00002415        20B0   rel    1
TINY_ID              CODE               00002416                     dse    0
NEAR_ID              CODE          00002416 - 0000249A          85   rel    0
ABSOLUTE             DATA               0000001C                     rel    0
                     DATA               0000001D                   
                     DATA               0000001E                   
                     DATA               0000001F                   
                     DATA          00000024 - 00000027           4 
                     DATA          00000029 - 0000002A           2 
                     DATA          0000002C - 0000002C           1 
                     DATA          00000030 - 00000038           9 
                     DATA          0000003C - 0000003F           4 
                     DATA          00000041 - 00000041           1 
                     DATA          00000043 - 00000045           3 
                     DATA          0000004A - 0000004F           6 
                     DATA          00000052 - 00000053           2 
                     DATA          00000055 - 00000055           1 
                     DATA          00000057 - 00000059           3 
                     DATA          0000005F - 0000005F           1 
NEAR_I               DATA          00000060 - 000000E4          85   rel    0
NEAR_Z               DATA          000000E5 - 000002A1         1BD   rel    0
RSTACK               DATA          000002A2 - 000002E1          40   dse    0
CSTACK               DATA          000002E2 - 000003E1         100   dse    0

                ****************************************
                *                                      *
                *        END OF CROSS REFERENCE        *
                *                                      *
                ****************************************

 9 343 bytes of CODE memory (+             28 range fill )
   898 bytes of DATA memory (+ 37 absolute )

Errors: none
Warnings: none

